

================================================================
== Vivado HLS Report for 'checkAxis_2'
================================================================
* Date:           Sun Mar 29 21:05:13 2020

* Version:        2019.2 (Build 2704478 on Wed Nov 06 22:10:23 MST 2019)
* Project:        honeybee_proj
* Solution:       HBF
* Product family: zynq
* Target device:  xc7z030i-fbg484-2L


================================================================
== Performance Estimates
================================================================
+ Timing: 
    * Summary: 
    +--------+----------+----------+------------+
    |  Clock |  Target  | Estimated| Uncertainty|
    +--------+----------+----------+------------+
    |ap_clk  | 10.00 ns | 9.478 ns |   1.25 ns  |
    +--------+----------+----------+------------+

+ Latency: 
    * Summary: 
    +---------+---------+----------+----------+-----+-----+---------+
    |  Latency (cycles) |  Latency (absolute) |  Interval | Pipeline|
    |   min   |   max   |    min   |    max   | min | max |   Type  |
    +---------+---------+----------+----------+-----+-----+---------+
    |      213|      213| 2.130 us | 2.130 us |  213|  213|   none  |
    +---------+---------+----------+----------+-----+-----+---------+

    + Detail: 
        * Instance: 
        +---------------------------------+----------------------+---------+---------+-----------+-----------+-----+-----+---------+
        |                                 |                      |  Latency (cycles) |   Latency (absolute)  |  Interval | Pipeline|
        |             Instance            |        Module        |   min   |   max   |    min    |    max    | min | max |   Type  |
        +---------------------------------+----------------------+---------+---------+-----------+-----------+-----+-----+---------+
        |grp_lineIntersectsPlane_fu_209   |lineIntersectsPlane   |       44|       44|  0.440 us |  0.440 us |   44|   44|   none  |
        |grp_pointOnSegment_fu_224        |pointOnSegment        |        3|        3| 30.000 ns | 30.000 ns |    3|    3|   none  |
        |grp_p_hls_fptosi_float_i_fu_237  |p_hls_fptosi_float_i  |        0|        0|    0 ns   |    0 ns   |    0|    0|   none  |
        |grp_p_hls_fptosi_float_i_fu_242  |p_hls_fptosi_float_i  |        0|        0|    0 ns   |    0 ns   |    0|    0|   none  |
        +---------------------------------+----------------------+---------+---------+-----------+-----------+-----+-----+---------+

        * Loop: 
        +---------------------+---------+---------+----------+-----------+-----------+------+----------+
        |                     |  Latency (cycles) | Iteration|  Initiation Interval  | Trip |          |
        |      Loop Name      |   min   |   max   |  Latency |  achieved |   target  | Count| Pipelined|
        +---------------------+---------+---------+----------+-----------+-----------+------+----------+
        |- memset_collisions  |        3|        3|         1|          -|          -|     4|    no    |
        |- Loop 2             |        4|        4|         1|          -|          -|     4|    no    |
        +---------------------+---------+---------+----------+-----------+-----------+------+----------+



================================================================
== Utilization Estimates
================================================================
* Summary: 
+-----------------+---------+-------+--------+-------+-----+
|       Name      | BRAM_18K| DSP48E|   FF   |  LUT  | URAM|
+-----------------+---------+-------+--------+-------+-----+
|DSP              |        -|      -|       -|      -|    -|
|Expression       |        -|      -|       0|   3518|    -|
|FIFO             |        -|      -|       -|      -|    -|
|Instance         |        -|     17|    2956|   6475|    -|
|Memory           |        -|      -|       -|      -|    -|
|Multiplexer      |        -|      -|       -|     36|    -|
|Register         |        -|      -|    1598|      -|    -|
+-----------------+---------+-------+--------+-------+-----+
|Total            |        0|     17|    4554|  10029|    0|
+-----------------+---------+-------+--------+-------+-----+
|Available        |      530|    400|  157200|  78600|    0|
+-----------------+---------+-------+--------+-------+-----+
|Utilization (%)  |        0|      4|       2|     12|    0|
+-----------------+---------+-------+--------+-------+-----+

+ Detail: 
    * Instance: 
    +---------------------------------+----------------------+---------+-------+------+------+-----+
    |             Instance            |        Module        | BRAM_18K| DSP48E|  FF  |  LUT | URAM|
    +---------------------------------+----------------------+---------+-------+------+------+-----+
    |honeybee_mux_42_6hbi_U38         |honeybee_mux_42_6hbi  |        0|      0|     0|    17|    0|
    |grp_lineIntersectsPlane_fu_209   |lineIntersectsPlane   |        0|     17|  2348|  3666|    0|
    |grp_p_hls_fptosi_float_i_fu_237  |p_hls_fptosi_float_i  |        0|      0|     0|   431|    0|
    |grp_p_hls_fptosi_float_i_fu_242  |p_hls_fptosi_float_i  |        0|      0|     0|   431|    0|
    |grp_pointOnSegment_fu_224        |pointOnSegment        |        0|      0|   608|  1930|    0|
    +---------------------------------+----------------------+---------+-------+------+------+-----+
    |Total                            |                      |        0|     17|  2956|  6475|    0|
    +---------------------------------+----------------------+---------+-------+------+------+-----+

    * DSP48E: 
    N/A

    * Memory: 
    N/A

    * FIFO: 
    N/A

    * Expression: 
    +----------------------------+----------+-------+---+-----+------------+------------+
    |        Variable Name       | Operation| DSP48E| FF| LUT | Bitwidth P0| Bitwidth P1|
    +----------------------------+----------+-------+---+-----+------------+------------+
    |add_ln80_1_fu_544_p2        |     +    |      0|  0|   32|           6|          32|
    |add_ln80_2_fu_577_p2        |     +    |      0|  0|   32|          32|          32|
    |add_ln80_3_fu_583_p2        |     +    |      0|  0|   32|           5|          32|
    |add_ln80_4_fu_626_p2        |     +    |      0|  0|   32|          32|          32|
    |add_ln80_5_fu_632_p2        |     +    |      0|  0|   32|           6|          32|
    |add_ln80_6_fu_648_p2        |     +    |      0|  0|   32|           5|          32|
    |add_ln80_7_fu_681_p2        |     +    |      0|  0|   32|          32|          32|
    |add_ln80_8_fu_687_p2        |     +    |      0|  0|   32|           6|          32|
    |add_ln80_9_fu_703_p2        |     +    |      0|  0|   32|           6|          32|
    |add_ln80_fu_528_p2          |     +    |      0|  0|   32|          32|          32|
    |add_ln84_fu_308_p2          |     +    |      0|  0|    3|           2|           1|
    |i_fu_737_p2                 |     +    |      0|  0|    4|           3|           1|
    |icmp_ln132_fu_731_p2        |   icmp   |      0|  0|    2|           3|           4|
    |icmp_ln84_1_fu_314_p2       |   icmp   |      0|  0|    2|           2|           3|
    |icmp_ln84_2_fu_328_p2       |   icmp   |      0|  0|    1|           2|           1|
    |icmp_ln84_3_fu_342_p2       |   icmp   |      0|  0|    1|           2|           1|
    |icmp_ln84_fu_476_p2         |   icmp   |      0|  0|    1|           2|           2|
    |collisions_0_fu_565_p2      |    or    |      0|  0|   64|          64|          64|
    |collisions_1_fu_614_p2      |    or    |      0|  0|   64|          64|          64|
    |collisions_2_fu_669_p2      |    or    |      0|  0|   64|          64|          64|
    |collisions_3_fu_724_p2      |    or    |      0|  0|   64|          64|          64|
    |or_ln110_2_fu_609_p2        |    or    |      0|  0|   64|          64|          64|
    |or_ln110_4_fu_664_p2        |    or    |      0|  0|   64|          64|          64|
    |or_ln110_6_fu_719_p2        |    or    |      0|  0|   64|          64|          64|
    |or_ln110_fu_560_p2          |    or    |      0|  0|   64|          64|          64|
    |returnCollisions_fu_761_p2  |    or    |      0|  0|   64|          64|          64|
    |select_ln84_10_fu_412_p3    |  select  |      0|  0|   64|           1|          64|
    |select_ln84_11_fu_420_p3    |  select  |      0|  0|   64|           1|          64|
    |select_ln84_12_fu_428_p3    |  select  |      0|  0|   64|           1|           1|
    |select_ln84_13_fu_436_p3    |  select  |      0|  0|   64|           1|          64|
    |select_ln84_14_fu_444_p3    |  select  |      0|  0|   64|           1|          64|
    |select_ln84_15_fu_452_p3    |  select  |      0|  0|   64|           1|           1|
    |select_ln84_16_fu_460_p3    |  select  |      0|  0|   64|           1|          64|
    |select_ln84_17_fu_468_p3    |  select  |      0|  0|   64|           1|           1|
    |select_ln84_1_fu_334_p3     |  select  |      0|  0|   64|           1|          64|
    |select_ln84_2_fu_348_p3     |  select  |      0|  0|   64|           1|          64|
    |select_ln84_3_fu_356_p3     |  select  |      0|  0|   64|           1|           1|
    |select_ln84_4_fu_364_p3     |  select  |      0|  0|   64|           1|          64|
    |select_ln84_5_fu_372_p3     |  select  |      0|  0|   64|           1|          64|
    |select_ln84_6_fu_380_p3     |  select  |      0|  0|   64|           1|           1|
    |select_ln84_7_fu_388_p3     |  select  |      0|  0|   64|           1|          64|
    |select_ln84_8_fu_396_p3     |  select  |      0|  0|   64|           1|           1|
    |select_ln84_9_fu_404_p3     |  select  |      0|  0|   64|           1|          64|
    |select_ln84_fu_320_p3       |  select  |      0|  0|   64|           1|          64|
    |shl_ln109_1_fu_593_p2       |    shl   |      0|  0|  182|           1|          64|
    |shl_ln109_2_fu_642_p2       |    shl   |      0|  0|  182|           1|          64|
    |shl_ln109_3_fu_697_p2       |    shl   |      0|  0|  182|           1|          64|
    |shl_ln109_fu_538_p2         |    shl   |      0|  0|  182|           1|          64|
    |shl_ln110_1_fu_603_p2       |    shl   |      0|  0|  182|           1|          64|
    |shl_ln110_2_fu_658_p2       |    shl   |      0|  0|  182|           1|          64|
    |shl_ln110_3_fu_713_p2       |    shl   |      0|  0|  182|           1|          64|
    |shl_ln110_fu_554_p2         |    shl   |      0|  0|  182|           1|          64|
    +----------------------------+----------+-------+---+-----+------------+------------+
    |Total                       |          |      0|  0| 3518|         780|        2195|
    +----------------------------+----------+-------+---+-----+------------+------------+

    * Multiplexer: 
    +--------------------------------------+----+-----------+-----+-----------+
    |                 Name                 | LUT| Input Size| Bits| Total Bits|
    +--------------------------------------+----+-----------+-----+-----------+
    |ap_NS_fsm                             |   8|         20|    1|         20|
    |ap_return                             |   3|          2|   64|        128|
    |collisions_0_2_reg_147                |   3|          2|   64|        128|
    |collisions_1_2_reg_157                |   3|          2|   64|        128|
    |collisions_2_2_reg_167                |   3|          2|   64|        128|
    |collisions_3_2_reg_177                |   3|          2|   64|        128|
    |grp_lineIntersectsPlane_fu_209_plane  |   4|          5|   32|        160|
    |i_1_reg_198                           |   3|          2|    3|          6|
    |phi_ln84_reg_136                      |   3|          2|    2|          4|
    |returnCollisions_0_reg_187            |   3|          2|   64|        128|
    +--------------------------------------+----+-----------+-----+-----------+
    |Total                                 |  36|         41|  422|        958|
    +--------------------------------------+----+-----------+-----+-----------+

    * Register: 
    +---------------------------------------------+----+----+-----+-----------+
    |                     Name                    | FF | LUT| Bits| Const Bits|
    +---------------------------------------------+----+----+-----+-----------+
    |ap_CS_fsm                                    |  19|   0|   19|          0|
    |ap_return_preg                               |  64|   0|   64|          0|
    |collisions_0_0_fu_84                         |  64|   0|   64|          0|
    |collisions_0_2_reg_147                       |  64|   0|   64|          0|
    |collisions_1_0_fu_88                         |  64|   0|   64|          0|
    |collisions_1_2_reg_157                       |  64|   0|   64|          0|
    |collisions_2_0_fu_92                         |  64|   0|   64|          0|
    |collisions_2_2_reg_167                       |  64|   0|   64|          0|
    |collisions_3_0_fu_96                         |  64|   0|   64|          0|
    |collisions_3_2_reg_177                       |  64|   0|   64|          0|
    |collisions_load_1_075_fu_68                  |  64|   0|   64|          0|
    |collisions_load_1_177_fu_72                  |  64|   0|   64|          0|
    |collisions_load_1_279_fu_76                  |  64|   0|   64|          0|
    |collisions_load_1_381_fu_80                  |  64|   0|   64|          0|
    |grp_lineIntersectsPlane_fu_209_ap_start_reg  |   1|   0|    1|          0|
    |grp_pointOnSegment_fu_224_ap_start_reg       |   1|   0|    1|          0|
    |i_1_reg_198                                  |   3|   0|    3|          0|
    |phi_ln84_reg_136                             |   2|   0|    2|          0|
    |reg_259                                      |  32|   0|   32|          0|
    |reg_265                                      |  32|   0|   32|          0|
    |reg_271                                      |  32|   0|   32|          0|
    |reg_276                                      |  32|   0|   32|          0|
    |reg_280                                      |  32|   0|   32|          0|
    |returnCollisions_0_reg_187                   |  64|   0|   64|          0|
    |select_ln84_11_reg_876                       |  64|   0|   64|          0|
    |select_ln84_14_reg_881                       |  64|   0|   64|          0|
    |select_ln84_16_reg_886                       |  64|   0|   64|          0|
    |select_ln84_17_reg_891                       |  64|   0|   64|          0|
    |select_ln84_2_reg_856                        |  64|   0|   64|          0|
    |select_ln84_5_reg_861                        |  64|   0|   64|          0|
    |select_ln84_7_reg_866                        |  64|   0|   64|          0|
    |select_ln84_8_reg_871                        |  64|   0|   64|          0|
    |tmp_1_reg_908                                |   1|   0|    1|          0|
    |tmp_2_reg_917                                |   1|   0|    1|          0|
    |tmp_3_reg_926                                |   1|   0|    1|          0|
    |tmp_s_reg_899                                |   1|   0|    1|          0|
    +---------------------------------------------+----+----+-----+-----------+
    |Total                                        |1598|   0| 1598|          0|
    +---------------------------------------------+----+----+-----+-----------+



================================================================
== Interface
================================================================
* Summary: 
+-----------+-----+-----+------------+--------------+--------------+
| RTL Ports | Dir | Bits|  Protocol  | Source Object|    C Type    |
+-----------+-----+-----+------------+--------------+--------------+
|ap_clk     |  in |    1| ap_ctrl_hs |  checkAxis.2 | return value |
|ap_rst     |  in |    1| ap_ctrl_hs |  checkAxis.2 | return value |
|ap_start   |  in |    1| ap_ctrl_hs |  checkAxis.2 | return value |
|ap_done    | out |    1| ap_ctrl_hs |  checkAxis.2 | return value |
|ap_idle    | out |    1| ap_ctrl_hs |  checkAxis.2 | return value |
|ap_ready   | out |    1| ap_ctrl_hs |  checkAxis.2 | return value |
|ap_return  | out |   64| ap_ctrl_hs |  checkAxis.2 | return value |
|edge_p1_x  |  in |   32|   ap_none  |   edge_p1_x  |    scalar    |
|edge_p1_y  |  in |   32|   ap_none  |   edge_p1_y  |    scalar    |
|edge_p1_z  |  in |   32|   ap_none  |   edge_p1_z  |    scalar    |
|edge_p2_x  |  in |   32|   ap_none  |   edge_p2_x  |    scalar    |
|edge_p2_y  |  in |   32|   ap_none  |   edge_p2_y  |    scalar    |
|edge_p2_z  |  in |   32|   ap_none  |   edge_p2_z  |    scalar    |
+-----------+-----+-----+------------+--------------+--------------+

