

================================================================
== Vivado HLS Report for 'lineIntersectGrid'
================================================================
* Date:           Thu Mar 19 15:55:17 2020

* Version:        2019.2 (Build 2704478 on Wed Nov 06 22:10:23 MST 2019)
* Project:        HoneyBee-B
* Solution:       solution4
* Product family: zynq
* Target device:  xc7z020-clg484-1


================================================================
== Performance Estimates
================================================================
+ Timing: 
    * Summary: 
    +--------+----------+----------+------------+
    |  Clock |  Target  | Estimated| Uncertainty|
    +--------+----------+----------+------------+
    |ap_clk  | 10.00 ns | 7.387 ns |   1.25 ns  |
    +--------+----------+----------+------------+

+ Latency: 
    * Summary: 
    +---------+---------+----------+----------+-----+-----+---------+
    |  Latency (cycles) |  Latency (absolute) |  Interval | Pipeline|
    |   min   |   max   |    min   |    max   | min | max |   Type  |
    +---------+---------+----------+----------+-----+-----+---------+
    |       29|       29| 0.290 us | 0.290 us |   29|   29|   none  |
    +---------+---------+----------+----------+-----+-----+---------+

    + Detail: 
        * Instance: 
        N/A

        * Loop: 
        N/A

============================================================
+ Verbose Summary: Synthesis Manager
============================================================
InlineROM: 1
ExposeGlobal: 0
============================================================
+ Verbose Summary: CDFG Model
============================================================
IsTopModel: 0
ResetActiveHigh: 1
IsCombinational: 0
IsDatapathOnly: 0
HasWiredReturn: 1
HasMFsm: 0
HasVarLatency: 1
IsPipeline: 0
IsRtlPipelined: 0
IsInstanceOverlapped: 0
IsDontTouch: 0
HasImplIP: 0
IsGatedGlobalClock: 0


============================================================
+ Verbose Summary: Schedule
============================================================
* Number of FSM states : 30
* Pipeline : 0
* Dataflow Pipeline: 0

* FSM state transitions: 
1 --> 2 
2 --> 3 
3 --> 4 
4 --> 5 
5 --> 6 
6 --> 7 
7 --> 8 
8 --> 9 
9 --> 10 
10 --> 11 
11 --> 12 
12 --> 13 
13 --> 14 
14 --> 15 
15 --> 16 
16 --> 17 
17 --> 18 
18 --> 19 
19 --> 20 
20 --> 21 
21 --> 22 
22 --> 23 
23 --> 24 
24 --> 25 
25 --> 26 
26 --> 27 
27 --> 28 
28 --> 29 
29 --> 30 
30 --> 

* FSM state operations: 

State 1 <SV = 0> <Delay = 7.25>
ST_1 : Operation 31 [1/1] (0.00ns)   --->   "%edge_p2_z_read = call float @_ssdm_op_Read.ap_auto.float(float %edge_p2_z)" [src/honeybee.c:21->src/honeybee.c:52]   --->   Operation 31 'read' 'edge_p2_z_read' <Predicate = true> <Delay = 0.00>
ST_1 : Operation 32 [1/1] (0.00ns)   --->   "%edge_p2_y_read = call float @_ssdm_op_Read.ap_auto.float(float %edge_p2_y)" [src/honeybee.c:21->src/honeybee.c:52]   --->   Operation 32 'read' 'edge_p2_y_read' <Predicate = true> <Delay = 0.00>
ST_1 : Operation 33 [1/1] (0.00ns)   --->   "%edge_p2_x_read = call float @_ssdm_op_Read.ap_auto.float(float %edge_p2_x)" [src/honeybee.c:21->src/honeybee.c:52]   --->   Operation 33 'read' 'edge_p2_x_read' <Predicate = true> <Delay = 0.00>
ST_1 : Operation 34 [1/1] (0.00ns)   --->   "%edge_p1_z_read = call float @_ssdm_op_Read.ap_auto.float(float %edge_p1_z)" [src/honeybee.c:21->src/honeybee.c:52]   --->   Operation 34 'read' 'edge_p1_z_read' <Predicate = true> <Delay = 0.00>
ST_1 : Operation 35 [1/1] (0.00ns)   --->   "%edge_p1_y_read = call float @_ssdm_op_Read.ap_auto.float(float %edge_p1_y)" [src/honeybee.c:21->src/honeybee.c:52]   --->   Operation 35 'read' 'edge_p1_y_read' <Predicate = true> <Delay = 0.00>
ST_1 : Operation 36 [1/1] (0.00ns)   --->   "%edge_p1_x_read = call float @_ssdm_op_Read.ap_auto.float(float %edge_p1_x)" [src/honeybee.c:21->src/honeybee.c:52]   --->   Operation 36 'read' 'edge_p1_x_read' <Predicate = true> <Delay = 0.00>
ST_1 : Operation 37 [1/1] (0.00ns)   --->   "%grid_z_read = call float @_ssdm_op_Read.ap_auto.float(float %grid_z)" [src/honeybee.c:21->src/honeybee.c:52]   --->   Operation 37 'read' 'grid_z_read' <Predicate = true> <Delay = 0.00>
ST_1 : Operation 38 [1/1] (0.00ns)   --->   "%grid_y_read = call float @_ssdm_op_Read.ap_auto.float(float %grid_y)" [src/honeybee.c:21->src/honeybee.c:52]   --->   Operation 38 'read' 'grid_y_read' <Predicate = true> <Delay = 0.00>
ST_1 : Operation 39 [1/1] (0.00ns)   --->   "%grid_x_read = call float @_ssdm_op_Read.ap_auto.float(float %grid_x)" [src/honeybee.c:21->src/honeybee.c:52]   --->   Operation 39 'read' 'grid_x_read' <Predicate = true> <Delay = 0.00>
ST_1 : Operation 40 [5/5] (7.25ns)   --->   "%tmp_i = fsub float %grid_x_read, %edge_p1_x_read" [src/honeybee.c:22->src/honeybee.c:52]   --->   Operation 40 'fsub' 'tmp_i' <Predicate = true> <Delay = 7.25> <Core = "FAddSub">   --->   Core 105 'FAddSub' <Latency = 4> <II = 1> <Delay = 7.25> <FuncUnit> <Opcode : 'fadd' 'fsub'> <InPorts = 2> <OutPorts = 1>
ST_1 : Operation 41 [5/5] (7.25ns)   --->   "%tmp_1_i = fsub float %edge_p2_x_read, %edge_p1_x_read" [src/honeybee.c:22->src/honeybee.c:52]   --->   Operation 41 'fsub' 'tmp_1_i' <Predicate = true> <Delay = 7.25> <Core = "FAddSub">   --->   Core 105 'FAddSub' <Latency = 4> <II = 1> <Delay = 7.25> <FuncUnit> <Opcode : 'fadd' 'fsub'> <InPorts = 2> <OutPorts = 1>
ST_1 : Operation 42 [5/5] (7.25ns)   --->   "%tmp_i1 = fsub float %grid_y_read, %edge_p1_y_read" [src/honeybee.c:22->src/honeybee.c:53]   --->   Operation 42 'fsub' 'tmp_i1' <Predicate = true> <Delay = 7.25> <Core = "FAddSub">   --->   Core 105 'FAddSub' <Latency = 4> <II = 1> <Delay = 7.25> <FuncUnit> <Opcode : 'fadd' 'fsub'> <InPorts = 2> <OutPorts = 1>
ST_1 : Operation 43 [5/5] (7.25ns)   --->   "%tmp_1_i3 = fsub float %edge_p2_y_read, %edge_p1_y_read" [src/honeybee.c:22->src/honeybee.c:53]   --->   Operation 43 'fsub' 'tmp_1_i3' <Predicate = true> <Delay = 7.25> <Core = "FAddSub">   --->   Core 105 'FAddSub' <Latency = 4> <II = 1> <Delay = 7.25> <FuncUnit> <Opcode : 'fadd' 'fsub'> <InPorts = 2> <OutPorts = 1>
ST_1 : Operation 44 [5/5] (7.25ns)   --->   "%tmp_i5 = fsub float %grid_z_read, %edge_p1_z_read" [src/honeybee.c:22->src/honeybee.c:54]   --->   Operation 44 'fsub' 'tmp_i5' <Predicate = true> <Delay = 7.25> <Core = "FAddSub">   --->   Core 105 'FAddSub' <Latency = 4> <II = 1> <Delay = 7.25> <FuncUnit> <Opcode : 'fadd' 'fsub'> <InPorts = 2> <OutPorts = 1>
ST_1 : Operation 45 [5/5] (7.25ns)   --->   "%tmp_1_i7 = fsub float %edge_p2_z_read, %edge_p1_z_read" [src/honeybee.c:22->src/honeybee.c:54]   --->   Operation 45 'fsub' 'tmp_1_i7' <Predicate = true> <Delay = 7.25> <Core = "FAddSub">   --->   Core 105 'FAddSub' <Latency = 4> <II = 1> <Delay = 7.25> <FuncUnit> <Opcode : 'fadd' 'fsub'> <InPorts = 2> <OutPorts = 1>

State 2 <SV = 1> <Delay = 7.25>
ST_2 : Operation 46 [4/5] (7.25ns)   --->   "%tmp_i = fsub float %grid_x_read, %edge_p1_x_read" [src/honeybee.c:22->src/honeybee.c:52]   --->   Operation 46 'fsub' 'tmp_i' <Predicate = true> <Delay = 7.25> <Core = "FAddSub">   --->   Core 105 'FAddSub' <Latency = 4> <II = 1> <Delay = 7.25> <FuncUnit> <Opcode : 'fadd' 'fsub'> <InPorts = 2> <OutPorts = 1>
ST_2 : Operation 47 [4/5] (7.25ns)   --->   "%tmp_1_i = fsub float %edge_p2_x_read, %edge_p1_x_read" [src/honeybee.c:22->src/honeybee.c:52]   --->   Operation 47 'fsub' 'tmp_1_i' <Predicate = true> <Delay = 7.25> <Core = "FAddSub">   --->   Core 105 'FAddSub' <Latency = 4> <II = 1> <Delay = 7.25> <FuncUnit> <Opcode : 'fadd' 'fsub'> <InPorts = 2> <OutPorts = 1>
ST_2 : Operation 48 [4/5] (7.25ns)   --->   "%tmp_i1 = fsub float %grid_y_read, %edge_p1_y_read" [src/honeybee.c:22->src/honeybee.c:53]   --->   Operation 48 'fsub' 'tmp_i1' <Predicate = true> <Delay = 7.25> <Core = "FAddSub">   --->   Core 105 'FAddSub' <Latency = 4> <II = 1> <Delay = 7.25> <FuncUnit> <Opcode : 'fadd' 'fsub'> <InPorts = 2> <OutPorts = 1>
ST_2 : Operation 49 [4/5] (7.25ns)   --->   "%tmp_1_i3 = fsub float %edge_p2_y_read, %edge_p1_y_read" [src/honeybee.c:22->src/honeybee.c:53]   --->   Operation 49 'fsub' 'tmp_1_i3' <Predicate = true> <Delay = 7.25> <Core = "FAddSub">   --->   Core 105 'FAddSub' <Latency = 4> <II = 1> <Delay = 7.25> <FuncUnit> <Opcode : 'fadd' 'fsub'> <InPorts = 2> <OutPorts = 1>
ST_2 : Operation 50 [4/5] (7.25ns)   --->   "%tmp_i5 = fsub float %grid_z_read, %edge_p1_z_read" [src/honeybee.c:22->src/honeybee.c:54]   --->   Operation 50 'fsub' 'tmp_i5' <Predicate = true> <Delay = 7.25> <Core = "FAddSub">   --->   Core 105 'FAddSub' <Latency = 4> <II = 1> <Delay = 7.25> <FuncUnit> <Opcode : 'fadd' 'fsub'> <InPorts = 2> <OutPorts = 1>
ST_2 : Operation 51 [4/5] (7.25ns)   --->   "%tmp_1_i7 = fsub float %edge_p2_z_read, %edge_p1_z_read" [src/honeybee.c:22->src/honeybee.c:54]   --->   Operation 51 'fsub' 'tmp_1_i7' <Predicate = true> <Delay = 7.25> <Core = "FAddSub">   --->   Core 105 'FAddSub' <Latency = 4> <II = 1> <Delay = 7.25> <FuncUnit> <Opcode : 'fadd' 'fsub'> <InPorts = 2> <OutPorts = 1>

State 3 <SV = 2> <Delay = 7.25>
ST_3 : Operation 52 [3/5] (7.25ns)   --->   "%tmp_i = fsub float %grid_x_read, %edge_p1_x_read" [src/honeybee.c:22->src/honeybee.c:52]   --->   Operation 52 'fsub' 'tmp_i' <Predicate = true> <Delay = 7.25> <Core = "FAddSub">   --->   Core 105 'FAddSub' <Latency = 4> <II = 1> <Delay = 7.25> <FuncUnit> <Opcode : 'fadd' 'fsub'> <InPorts = 2> <OutPorts = 1>
ST_3 : Operation 53 [3/5] (7.25ns)   --->   "%tmp_1_i = fsub float %edge_p2_x_read, %edge_p1_x_read" [src/honeybee.c:22->src/honeybee.c:52]   --->   Operation 53 'fsub' 'tmp_1_i' <Predicate = true> <Delay = 7.25> <Core = "FAddSub">   --->   Core 105 'FAddSub' <Latency = 4> <II = 1> <Delay = 7.25> <FuncUnit> <Opcode : 'fadd' 'fsub'> <InPorts = 2> <OutPorts = 1>
ST_3 : Operation 54 [3/5] (7.25ns)   --->   "%tmp_i1 = fsub float %grid_y_read, %edge_p1_y_read" [src/honeybee.c:22->src/honeybee.c:53]   --->   Operation 54 'fsub' 'tmp_i1' <Predicate = true> <Delay = 7.25> <Core = "FAddSub">   --->   Core 105 'FAddSub' <Latency = 4> <II = 1> <Delay = 7.25> <FuncUnit> <Opcode : 'fadd' 'fsub'> <InPorts = 2> <OutPorts = 1>
ST_3 : Operation 55 [3/5] (7.25ns)   --->   "%tmp_1_i3 = fsub float %edge_p2_y_read, %edge_p1_y_read" [src/honeybee.c:22->src/honeybee.c:53]   --->   Operation 55 'fsub' 'tmp_1_i3' <Predicate = true> <Delay = 7.25> <Core = "FAddSub">   --->   Core 105 'FAddSub' <Latency = 4> <II = 1> <Delay = 7.25> <FuncUnit> <Opcode : 'fadd' 'fsub'> <InPorts = 2> <OutPorts = 1>
ST_3 : Operation 56 [3/5] (7.25ns)   --->   "%tmp_i5 = fsub float %grid_z_read, %edge_p1_z_read" [src/honeybee.c:22->src/honeybee.c:54]   --->   Operation 56 'fsub' 'tmp_i5' <Predicate = true> <Delay = 7.25> <Core = "FAddSub">   --->   Core 105 'FAddSub' <Latency = 4> <II = 1> <Delay = 7.25> <FuncUnit> <Opcode : 'fadd' 'fsub'> <InPorts = 2> <OutPorts = 1>
ST_3 : Operation 57 [3/5] (7.25ns)   --->   "%tmp_1_i7 = fsub float %edge_p2_z_read, %edge_p1_z_read" [src/honeybee.c:22->src/honeybee.c:54]   --->   Operation 57 'fsub' 'tmp_1_i7' <Predicate = true> <Delay = 7.25> <Core = "FAddSub">   --->   Core 105 'FAddSub' <Latency = 4> <II = 1> <Delay = 7.25> <FuncUnit> <Opcode : 'fadd' 'fsub'> <InPorts = 2> <OutPorts = 1>

State 4 <SV = 3> <Delay = 7.25>
ST_4 : Operation 58 [2/5] (7.25ns)   --->   "%tmp_i = fsub float %grid_x_read, %edge_p1_x_read" [src/honeybee.c:22->src/honeybee.c:52]   --->   Operation 58 'fsub' 'tmp_i' <Predicate = true> <Delay = 7.25> <Core = "FAddSub">   --->   Core 105 'FAddSub' <Latency = 4> <II = 1> <Delay = 7.25> <FuncUnit> <Opcode : 'fadd' 'fsub'> <InPorts = 2> <OutPorts = 1>
ST_4 : Operation 59 [2/5] (7.25ns)   --->   "%tmp_1_i = fsub float %edge_p2_x_read, %edge_p1_x_read" [src/honeybee.c:22->src/honeybee.c:52]   --->   Operation 59 'fsub' 'tmp_1_i' <Predicate = true> <Delay = 7.25> <Core = "FAddSub">   --->   Core 105 'FAddSub' <Latency = 4> <II = 1> <Delay = 7.25> <FuncUnit> <Opcode : 'fadd' 'fsub'> <InPorts = 2> <OutPorts = 1>
ST_4 : Operation 60 [2/5] (7.25ns)   --->   "%tmp_i1 = fsub float %grid_y_read, %edge_p1_y_read" [src/honeybee.c:22->src/honeybee.c:53]   --->   Operation 60 'fsub' 'tmp_i1' <Predicate = true> <Delay = 7.25> <Core = "FAddSub">   --->   Core 105 'FAddSub' <Latency = 4> <II = 1> <Delay = 7.25> <FuncUnit> <Opcode : 'fadd' 'fsub'> <InPorts = 2> <OutPorts = 1>
ST_4 : Operation 61 [2/5] (7.25ns)   --->   "%tmp_1_i3 = fsub float %edge_p2_y_read, %edge_p1_y_read" [src/honeybee.c:22->src/honeybee.c:53]   --->   Operation 61 'fsub' 'tmp_1_i3' <Predicate = true> <Delay = 7.25> <Core = "FAddSub">   --->   Core 105 'FAddSub' <Latency = 4> <II = 1> <Delay = 7.25> <FuncUnit> <Opcode : 'fadd' 'fsub'> <InPorts = 2> <OutPorts = 1>
ST_4 : Operation 62 [2/5] (7.25ns)   --->   "%tmp_i5 = fsub float %grid_z_read, %edge_p1_z_read" [src/honeybee.c:22->src/honeybee.c:54]   --->   Operation 62 'fsub' 'tmp_i5' <Predicate = true> <Delay = 7.25> <Core = "FAddSub">   --->   Core 105 'FAddSub' <Latency = 4> <II = 1> <Delay = 7.25> <FuncUnit> <Opcode : 'fadd' 'fsub'> <InPorts = 2> <OutPorts = 1>
ST_4 : Operation 63 [2/5] (7.25ns)   --->   "%tmp_1_i7 = fsub float %edge_p2_z_read, %edge_p1_z_read" [src/honeybee.c:22->src/honeybee.c:54]   --->   Operation 63 'fsub' 'tmp_1_i7' <Predicate = true> <Delay = 7.25> <Core = "FAddSub">   --->   Core 105 'FAddSub' <Latency = 4> <II = 1> <Delay = 7.25> <FuncUnit> <Opcode : 'fadd' 'fsub'> <InPorts = 2> <OutPorts = 1>

State 5 <SV = 4> <Delay = 7.25>
ST_5 : Operation 64 [1/5] (7.25ns)   --->   "%tmp_i = fsub float %grid_x_read, %edge_p1_x_read" [src/honeybee.c:22->src/honeybee.c:52]   --->   Operation 64 'fsub' 'tmp_i' <Predicate = true> <Delay = 7.25> <Core = "FAddSub">   --->   Core 105 'FAddSub' <Latency = 4> <II = 1> <Delay = 7.25> <FuncUnit> <Opcode : 'fadd' 'fsub'> <InPorts = 2> <OutPorts = 1>
ST_5 : Operation 65 [1/5] (7.25ns)   --->   "%tmp_1_i = fsub float %edge_p2_x_read, %edge_p1_x_read" [src/honeybee.c:22->src/honeybee.c:52]   --->   Operation 65 'fsub' 'tmp_1_i' <Predicate = true> <Delay = 7.25> <Core = "FAddSub">   --->   Core 105 'FAddSub' <Latency = 4> <II = 1> <Delay = 7.25> <FuncUnit> <Opcode : 'fadd' 'fsub'> <InPorts = 2> <OutPorts = 1>
ST_5 : Operation 66 [1/5] (7.25ns)   --->   "%tmp_i1 = fsub float %grid_y_read, %edge_p1_y_read" [src/honeybee.c:22->src/honeybee.c:53]   --->   Operation 66 'fsub' 'tmp_i1' <Predicate = true> <Delay = 7.25> <Core = "FAddSub">   --->   Core 105 'FAddSub' <Latency = 4> <II = 1> <Delay = 7.25> <FuncUnit> <Opcode : 'fadd' 'fsub'> <InPorts = 2> <OutPorts = 1>
ST_5 : Operation 67 [1/5] (7.25ns)   --->   "%tmp_1_i3 = fsub float %edge_p2_y_read, %edge_p1_y_read" [src/honeybee.c:22->src/honeybee.c:53]   --->   Operation 67 'fsub' 'tmp_1_i3' <Predicate = true> <Delay = 7.25> <Core = "FAddSub">   --->   Core 105 'FAddSub' <Latency = 4> <II = 1> <Delay = 7.25> <FuncUnit> <Opcode : 'fadd' 'fsub'> <InPorts = 2> <OutPorts = 1>
ST_5 : Operation 68 [1/5] (7.25ns)   --->   "%tmp_i5 = fsub float %grid_z_read, %edge_p1_z_read" [src/honeybee.c:22->src/honeybee.c:54]   --->   Operation 68 'fsub' 'tmp_i5' <Predicate = true> <Delay = 7.25> <Core = "FAddSub">   --->   Core 105 'FAddSub' <Latency = 4> <II = 1> <Delay = 7.25> <FuncUnit> <Opcode : 'fadd' 'fsub'> <InPorts = 2> <OutPorts = 1>
ST_5 : Operation 69 [1/5] (7.25ns)   --->   "%tmp_1_i7 = fsub float %edge_p2_z_read, %edge_p1_z_read" [src/honeybee.c:22->src/honeybee.c:54]   --->   Operation 69 'fsub' 'tmp_1_i7' <Predicate = true> <Delay = 7.25> <Core = "FAddSub">   --->   Core 105 'FAddSub' <Latency = 4> <II = 1> <Delay = 7.25> <FuncUnit> <Opcode : 'fadd' 'fsub'> <InPorts = 2> <OutPorts = 1>

State 6 <SV = 5> <Delay = 7.25>
ST_6 : Operation 70 [5/5] (7.25ns)   --->   "%tmp_i_4 = fadd float %tmp_i, 1.000000e+00" [src/honeybee.c:22->src/honeybee.c:52]   --->   Operation 70 'fadd' 'tmp_i_4' <Predicate = true> <Delay = 7.25> <Core = "FAddSub">   --->   Core 105 'FAddSub' <Latency = 4> <II = 1> <Delay = 7.25> <FuncUnit> <Opcode : 'fadd' 'fsub'> <InPorts = 2> <OutPorts = 1>
ST_6 : Operation 71 [5/5] (7.25ns)   --->   "%tmp_i2 = fadd float %tmp_i1, 1.000000e+00" [src/honeybee.c:22->src/honeybee.c:53]   --->   Operation 71 'fadd' 'tmp_i2' <Predicate = true> <Delay = 7.25> <Core = "FAddSub">   --->   Core 105 'FAddSub' <Latency = 4> <II = 1> <Delay = 7.25> <FuncUnit> <Opcode : 'fadd' 'fsub'> <InPorts = 2> <OutPorts = 1>
ST_6 : Operation 72 [5/5] (7.25ns)   --->   "%tmp_i6 = fadd float %tmp_i5, 1.000000e+00" [src/honeybee.c:22->src/honeybee.c:54]   --->   Operation 72 'fadd' 'tmp_i6' <Predicate = true> <Delay = 7.25> <Core = "FAddSub">   --->   Core 105 'FAddSub' <Latency = 4> <II = 1> <Delay = 7.25> <FuncUnit> <Opcode : 'fadd' 'fsub'> <InPorts = 2> <OutPorts = 1>
ST_6 : Operation 73 [16/16] (6.07ns)   --->   "%max_2 = fdiv float %tmp_i, %tmp_1_i" [src/honeybee.c:18->src/honeybee.c:57]   --->   Operation 73 'fdiv' 'max_2' <Predicate = true> <Delay = 6.07> <Core = "FDiv">   --->   Core 107 'FDiv' <Latency = 15> <II = 1> <Delay = 6.07> <FuncUnit> <Opcode : 'fdiv' 'frem'> <InPorts = 2> <OutPorts = 1>
ST_6 : Operation 74 [16/16] (6.07ns)   --->   "%max_5 = fdiv float %tmp_i1, %tmp_1_i3" [src/honeybee.c:18->src/honeybee.c:58]   --->   Operation 74 'fdiv' 'max_5' <Predicate = true> <Delay = 6.07> <Core = "FDiv">   --->   Core 107 'FDiv' <Latency = 15> <II = 1> <Delay = 6.07> <FuncUnit> <Opcode : 'fdiv' 'frem'> <InPorts = 2> <OutPorts = 1>
ST_6 : Operation 75 [16/16] (6.07ns)   --->   "%max_3 = fdiv float %tmp_i5, %tmp_1_i7" [src/honeybee.c:18->src/honeybee.c:59]   --->   Operation 75 'fdiv' 'max_3' <Predicate = true> <Delay = 6.07> <Core = "FDiv">   --->   Core 107 'FDiv' <Latency = 15> <II = 1> <Delay = 6.07> <FuncUnit> <Opcode : 'fdiv' 'frem'> <InPorts = 2> <OutPorts = 1>

State 7 <SV = 6> <Delay = 7.25>
ST_7 : Operation 76 [4/5] (7.25ns)   --->   "%tmp_i_4 = fadd float %tmp_i, 1.000000e+00" [src/honeybee.c:22->src/honeybee.c:52]   --->   Operation 76 'fadd' 'tmp_i_4' <Predicate = true> <Delay = 7.25> <Core = "FAddSub">   --->   Core 105 'FAddSub' <Latency = 4> <II = 1> <Delay = 7.25> <FuncUnit> <Opcode : 'fadd' 'fsub'> <InPorts = 2> <OutPorts = 1>
ST_7 : Operation 77 [4/5] (7.25ns)   --->   "%tmp_i2 = fadd float %tmp_i1, 1.000000e+00" [src/honeybee.c:22->src/honeybee.c:53]   --->   Operation 77 'fadd' 'tmp_i2' <Predicate = true> <Delay = 7.25> <Core = "FAddSub">   --->   Core 105 'FAddSub' <Latency = 4> <II = 1> <Delay = 7.25> <FuncUnit> <Opcode : 'fadd' 'fsub'> <InPorts = 2> <OutPorts = 1>
ST_7 : Operation 78 [4/5] (7.25ns)   --->   "%tmp_i6 = fadd float %tmp_i5, 1.000000e+00" [src/honeybee.c:22->src/honeybee.c:54]   --->   Operation 78 'fadd' 'tmp_i6' <Predicate = true> <Delay = 7.25> <Core = "FAddSub">   --->   Core 105 'FAddSub' <Latency = 4> <II = 1> <Delay = 7.25> <FuncUnit> <Opcode : 'fadd' 'fsub'> <InPorts = 2> <OutPorts = 1>
ST_7 : Operation 79 [15/16] (6.07ns)   --->   "%max_2 = fdiv float %tmp_i, %tmp_1_i" [src/honeybee.c:18->src/honeybee.c:57]   --->   Operation 79 'fdiv' 'max_2' <Predicate = true> <Delay = 6.07> <Core = "FDiv">   --->   Core 107 'FDiv' <Latency = 15> <II = 1> <Delay = 6.07> <FuncUnit> <Opcode : 'fdiv' 'frem'> <InPorts = 2> <OutPorts = 1>
ST_7 : Operation 80 [15/16] (6.07ns)   --->   "%max_5 = fdiv float %tmp_i1, %tmp_1_i3" [src/honeybee.c:18->src/honeybee.c:58]   --->   Operation 80 'fdiv' 'max_5' <Predicate = true> <Delay = 6.07> <Core = "FDiv">   --->   Core 107 'FDiv' <Latency = 15> <II = 1> <Delay = 6.07> <FuncUnit> <Opcode : 'fdiv' 'frem'> <InPorts = 2> <OutPorts = 1>
ST_7 : Operation 81 [15/16] (6.07ns)   --->   "%max_3 = fdiv float %tmp_i5, %tmp_1_i7" [src/honeybee.c:18->src/honeybee.c:59]   --->   Operation 81 'fdiv' 'max_3' <Predicate = true> <Delay = 6.07> <Core = "FDiv">   --->   Core 107 'FDiv' <Latency = 15> <II = 1> <Delay = 6.07> <FuncUnit> <Opcode : 'fdiv' 'frem'> <InPorts = 2> <OutPorts = 1>

State 8 <SV = 7> <Delay = 7.25>
ST_8 : Operation 82 [3/5] (7.25ns)   --->   "%tmp_i_4 = fadd float %tmp_i, 1.000000e+00" [src/honeybee.c:22->src/honeybee.c:52]   --->   Operation 82 'fadd' 'tmp_i_4' <Predicate = true> <Delay = 7.25> <Core = "FAddSub">   --->   Core 105 'FAddSub' <Latency = 4> <II = 1> <Delay = 7.25> <FuncUnit> <Opcode : 'fadd' 'fsub'> <InPorts = 2> <OutPorts = 1>
ST_8 : Operation 83 [3/5] (7.25ns)   --->   "%tmp_i2 = fadd float %tmp_i1, 1.000000e+00" [src/honeybee.c:22->src/honeybee.c:53]   --->   Operation 83 'fadd' 'tmp_i2' <Predicate = true> <Delay = 7.25> <Core = "FAddSub">   --->   Core 105 'FAddSub' <Latency = 4> <II = 1> <Delay = 7.25> <FuncUnit> <Opcode : 'fadd' 'fsub'> <InPorts = 2> <OutPorts = 1>
ST_8 : Operation 84 [3/5] (7.25ns)   --->   "%tmp_i6 = fadd float %tmp_i5, 1.000000e+00" [src/honeybee.c:22->src/honeybee.c:54]   --->   Operation 84 'fadd' 'tmp_i6' <Predicate = true> <Delay = 7.25> <Core = "FAddSub">   --->   Core 105 'FAddSub' <Latency = 4> <II = 1> <Delay = 7.25> <FuncUnit> <Opcode : 'fadd' 'fsub'> <InPorts = 2> <OutPorts = 1>
ST_8 : Operation 85 [14/16] (6.07ns)   --->   "%max_2 = fdiv float %tmp_i, %tmp_1_i" [src/honeybee.c:18->src/honeybee.c:57]   --->   Operation 85 'fdiv' 'max_2' <Predicate = true> <Delay = 6.07> <Core = "FDiv">   --->   Core 107 'FDiv' <Latency = 15> <II = 1> <Delay = 6.07> <FuncUnit> <Opcode : 'fdiv' 'frem'> <InPorts = 2> <OutPorts = 1>
ST_8 : Operation 86 [14/16] (6.07ns)   --->   "%max_5 = fdiv float %tmp_i1, %tmp_1_i3" [src/honeybee.c:18->src/honeybee.c:58]   --->   Operation 86 'fdiv' 'max_5' <Predicate = true> <Delay = 6.07> <Core = "FDiv">   --->   Core 107 'FDiv' <Latency = 15> <II = 1> <Delay = 6.07> <FuncUnit> <Opcode : 'fdiv' 'frem'> <InPorts = 2> <OutPorts = 1>
ST_8 : Operation 87 [14/16] (6.07ns)   --->   "%max_3 = fdiv float %tmp_i5, %tmp_1_i7" [src/honeybee.c:18->src/honeybee.c:59]   --->   Operation 87 'fdiv' 'max_3' <Predicate = true> <Delay = 6.07> <Core = "FDiv">   --->   Core 107 'FDiv' <Latency = 15> <II = 1> <Delay = 6.07> <FuncUnit> <Opcode : 'fdiv' 'frem'> <InPorts = 2> <OutPorts = 1>

State 9 <SV = 8> <Delay = 7.25>
ST_9 : Operation 88 [2/5] (7.25ns)   --->   "%tmp_i_4 = fadd float %tmp_i, 1.000000e+00" [src/honeybee.c:22->src/honeybee.c:52]   --->   Operation 88 'fadd' 'tmp_i_4' <Predicate = true> <Delay = 7.25> <Core = "FAddSub">   --->   Core 105 'FAddSub' <Latency = 4> <II = 1> <Delay = 7.25> <FuncUnit> <Opcode : 'fadd' 'fsub'> <InPorts = 2> <OutPorts = 1>
ST_9 : Operation 89 [2/5] (7.25ns)   --->   "%tmp_i2 = fadd float %tmp_i1, 1.000000e+00" [src/honeybee.c:22->src/honeybee.c:53]   --->   Operation 89 'fadd' 'tmp_i2' <Predicate = true> <Delay = 7.25> <Core = "FAddSub">   --->   Core 105 'FAddSub' <Latency = 4> <II = 1> <Delay = 7.25> <FuncUnit> <Opcode : 'fadd' 'fsub'> <InPorts = 2> <OutPorts = 1>
ST_9 : Operation 90 [2/5] (7.25ns)   --->   "%tmp_i6 = fadd float %tmp_i5, 1.000000e+00" [src/honeybee.c:22->src/honeybee.c:54]   --->   Operation 90 'fadd' 'tmp_i6' <Predicate = true> <Delay = 7.25> <Core = "FAddSub">   --->   Core 105 'FAddSub' <Latency = 4> <II = 1> <Delay = 7.25> <FuncUnit> <Opcode : 'fadd' 'fsub'> <InPorts = 2> <OutPorts = 1>
ST_9 : Operation 91 [13/16] (6.07ns)   --->   "%max_2 = fdiv float %tmp_i, %tmp_1_i" [src/honeybee.c:18->src/honeybee.c:57]   --->   Operation 91 'fdiv' 'max_2' <Predicate = true> <Delay = 6.07> <Core = "FDiv">   --->   Core 107 'FDiv' <Latency = 15> <II = 1> <Delay = 6.07> <FuncUnit> <Opcode : 'fdiv' 'frem'> <InPorts = 2> <OutPorts = 1>
ST_9 : Operation 92 [13/16] (6.07ns)   --->   "%max_5 = fdiv float %tmp_i1, %tmp_1_i3" [src/honeybee.c:18->src/honeybee.c:58]   --->   Operation 92 'fdiv' 'max_5' <Predicate = true> <Delay = 6.07> <Core = "FDiv">   --->   Core 107 'FDiv' <Latency = 15> <II = 1> <Delay = 6.07> <FuncUnit> <Opcode : 'fdiv' 'frem'> <InPorts = 2> <OutPorts = 1>
ST_9 : Operation 93 [13/16] (6.07ns)   --->   "%max_3 = fdiv float %tmp_i5, %tmp_1_i7" [src/honeybee.c:18->src/honeybee.c:59]   --->   Operation 93 'fdiv' 'max_3' <Predicate = true> <Delay = 6.07> <Core = "FDiv">   --->   Core 107 'FDiv' <Latency = 15> <II = 1> <Delay = 6.07> <FuncUnit> <Opcode : 'fdiv' 'frem'> <InPorts = 2> <OutPorts = 1>

State 10 <SV = 9> <Delay = 7.25>
ST_10 : Operation 94 [1/5] (7.25ns)   --->   "%tmp_i_4 = fadd float %tmp_i, 1.000000e+00" [src/honeybee.c:22->src/honeybee.c:52]   --->   Operation 94 'fadd' 'tmp_i_4' <Predicate = true> <Delay = 7.25> <Core = "FAddSub">   --->   Core 105 'FAddSub' <Latency = 4> <II = 1> <Delay = 7.25> <FuncUnit> <Opcode : 'fadd' 'fsub'> <InPorts = 2> <OutPorts = 1>
ST_10 : Operation 95 [1/5] (7.25ns)   --->   "%tmp_i2 = fadd float %tmp_i1, 1.000000e+00" [src/honeybee.c:22->src/honeybee.c:53]   --->   Operation 95 'fadd' 'tmp_i2' <Predicate = true> <Delay = 7.25> <Core = "FAddSub">   --->   Core 105 'FAddSub' <Latency = 4> <II = 1> <Delay = 7.25> <FuncUnit> <Opcode : 'fadd' 'fsub'> <InPorts = 2> <OutPorts = 1>
ST_10 : Operation 96 [1/5] (7.25ns)   --->   "%tmp_i6 = fadd float %tmp_i5, 1.000000e+00" [src/honeybee.c:22->src/honeybee.c:54]   --->   Operation 96 'fadd' 'tmp_i6' <Predicate = true> <Delay = 7.25> <Core = "FAddSub">   --->   Core 105 'FAddSub' <Latency = 4> <II = 1> <Delay = 7.25> <FuncUnit> <Opcode : 'fadd' 'fsub'> <InPorts = 2> <OutPorts = 1>
ST_10 : Operation 97 [12/16] (6.07ns)   --->   "%max_2 = fdiv float %tmp_i, %tmp_1_i" [src/honeybee.c:18->src/honeybee.c:57]   --->   Operation 97 'fdiv' 'max_2' <Predicate = true> <Delay = 6.07> <Core = "FDiv">   --->   Core 107 'FDiv' <Latency = 15> <II = 1> <Delay = 6.07> <FuncUnit> <Opcode : 'fdiv' 'frem'> <InPorts = 2> <OutPorts = 1>
ST_10 : Operation 98 [12/16] (6.07ns)   --->   "%max_5 = fdiv float %tmp_i1, %tmp_1_i3" [src/honeybee.c:18->src/honeybee.c:58]   --->   Operation 98 'fdiv' 'max_5' <Predicate = true> <Delay = 6.07> <Core = "FDiv">   --->   Core 107 'FDiv' <Latency = 15> <II = 1> <Delay = 6.07> <FuncUnit> <Opcode : 'fdiv' 'frem'> <InPorts = 2> <OutPorts = 1>
ST_10 : Operation 99 [12/16] (6.07ns)   --->   "%max_3 = fdiv float %tmp_i5, %tmp_1_i7" [src/honeybee.c:18->src/honeybee.c:59]   --->   Operation 99 'fdiv' 'max_3' <Predicate = true> <Delay = 6.07> <Core = "FDiv">   --->   Core 107 'FDiv' <Latency = 15> <II = 1> <Delay = 6.07> <FuncUnit> <Opcode : 'fdiv' 'frem'> <InPorts = 2> <OutPorts = 1>

State 11 <SV = 10> <Delay = 6.07>
ST_11 : Operation 100 [16/16] (6.07ns)   --->   "%min = fdiv float %tmp_i_4, %tmp_1_i" [src/honeybee.c:22->src/honeybee.c:52]   --->   Operation 100 'fdiv' 'min' <Predicate = true> <Delay = 6.07> <Core = "FDiv">   --->   Core 107 'FDiv' <Latency = 15> <II = 1> <Delay = 6.07> <FuncUnit> <Opcode : 'fdiv' 'frem'> <InPorts = 2> <OutPorts = 1>
ST_11 : Operation 101 [16/16] (6.07ns)   --->   "%min_3 = fdiv float %tmp_i2, %tmp_1_i3" [src/honeybee.c:22->src/honeybee.c:53]   --->   Operation 101 'fdiv' 'min_3' <Predicate = true> <Delay = 6.07> <Core = "FDiv">   --->   Core 107 'FDiv' <Latency = 15> <II = 1> <Delay = 6.07> <FuncUnit> <Opcode : 'fdiv' 'frem'> <InPorts = 2> <OutPorts = 1>
ST_11 : Operation 102 [16/16] (6.07ns)   --->   "%min_1 = fdiv float %tmp_i6, %tmp_1_i7" [src/honeybee.c:22->src/honeybee.c:54]   --->   Operation 102 'fdiv' 'min_1' <Predicate = true> <Delay = 6.07> <Core = "FDiv">   --->   Core 107 'FDiv' <Latency = 15> <II = 1> <Delay = 6.07> <FuncUnit> <Opcode : 'fdiv' 'frem'> <InPorts = 2> <OutPorts = 1>
ST_11 : Operation 103 [11/16] (6.07ns)   --->   "%max_2 = fdiv float %tmp_i, %tmp_1_i" [src/honeybee.c:18->src/honeybee.c:57]   --->   Operation 103 'fdiv' 'max_2' <Predicate = true> <Delay = 6.07> <Core = "FDiv">   --->   Core 107 'FDiv' <Latency = 15> <II = 1> <Delay = 6.07> <FuncUnit> <Opcode : 'fdiv' 'frem'> <InPorts = 2> <OutPorts = 1>
ST_11 : Operation 104 [11/16] (6.07ns)   --->   "%max_5 = fdiv float %tmp_i1, %tmp_1_i3" [src/honeybee.c:18->src/honeybee.c:58]   --->   Operation 104 'fdiv' 'max_5' <Predicate = true> <Delay = 6.07> <Core = "FDiv">   --->   Core 107 'FDiv' <Latency = 15> <II = 1> <Delay = 6.07> <FuncUnit> <Opcode : 'fdiv' 'frem'> <InPorts = 2> <OutPorts = 1>
ST_11 : Operation 105 [11/16] (6.07ns)   --->   "%max_3 = fdiv float %tmp_i5, %tmp_1_i7" [src/honeybee.c:18->src/honeybee.c:59]   --->   Operation 105 'fdiv' 'max_3' <Predicate = true> <Delay = 6.07> <Core = "FDiv">   --->   Core 107 'FDiv' <Latency = 15> <II = 1> <Delay = 6.07> <FuncUnit> <Opcode : 'fdiv' 'frem'> <InPorts = 2> <OutPorts = 1>

State 12 <SV = 11> <Delay = 6.07>
ST_12 : Operation 106 [15/16] (6.07ns)   --->   "%min = fdiv float %tmp_i_4, %tmp_1_i" [src/honeybee.c:22->src/honeybee.c:52]   --->   Operation 106 'fdiv' 'min' <Predicate = true> <Delay = 6.07> <Core = "FDiv">   --->   Core 107 'FDiv' <Latency = 15> <II = 1> <Delay = 6.07> <FuncUnit> <Opcode : 'fdiv' 'frem'> <InPorts = 2> <OutPorts = 1>
ST_12 : Operation 107 [15/16] (6.07ns)   --->   "%min_3 = fdiv float %tmp_i2, %tmp_1_i3" [src/honeybee.c:22->src/honeybee.c:53]   --->   Operation 107 'fdiv' 'min_3' <Predicate = true> <Delay = 6.07> <Core = "FDiv">   --->   Core 107 'FDiv' <Latency = 15> <II = 1> <Delay = 6.07> <FuncUnit> <Opcode : 'fdiv' 'frem'> <InPorts = 2> <OutPorts = 1>
ST_12 : Operation 108 [15/16] (6.07ns)   --->   "%min_1 = fdiv float %tmp_i6, %tmp_1_i7" [src/honeybee.c:22->src/honeybee.c:54]   --->   Operation 108 'fdiv' 'min_1' <Predicate = true> <Delay = 6.07> <Core = "FDiv">   --->   Core 107 'FDiv' <Latency = 15> <II = 1> <Delay = 6.07> <FuncUnit> <Opcode : 'fdiv' 'frem'> <InPorts = 2> <OutPorts = 1>
ST_12 : Operation 109 [10/16] (6.07ns)   --->   "%max_2 = fdiv float %tmp_i, %tmp_1_i" [src/honeybee.c:18->src/honeybee.c:57]   --->   Operation 109 'fdiv' 'max_2' <Predicate = true> <Delay = 6.07> <Core = "FDiv">   --->   Core 107 'FDiv' <Latency = 15> <II = 1> <Delay = 6.07> <FuncUnit> <Opcode : 'fdiv' 'frem'> <InPorts = 2> <OutPorts = 1>
ST_12 : Operation 110 [10/16] (6.07ns)   --->   "%max_5 = fdiv float %tmp_i1, %tmp_1_i3" [src/honeybee.c:18->src/honeybee.c:58]   --->   Operation 110 'fdiv' 'max_5' <Predicate = true> <Delay = 6.07> <Core = "FDiv">   --->   Core 107 'FDiv' <Latency = 15> <II = 1> <Delay = 6.07> <FuncUnit> <Opcode : 'fdiv' 'frem'> <InPorts = 2> <OutPorts = 1>
ST_12 : Operation 111 [10/16] (6.07ns)   --->   "%max_3 = fdiv float %tmp_i5, %tmp_1_i7" [src/honeybee.c:18->src/honeybee.c:59]   --->   Operation 111 'fdiv' 'max_3' <Predicate = true> <Delay = 6.07> <Core = "FDiv">   --->   Core 107 'FDiv' <Latency = 15> <II = 1> <Delay = 6.07> <FuncUnit> <Opcode : 'fdiv' 'frem'> <InPorts = 2> <OutPorts = 1>

State 13 <SV = 12> <Delay = 6.07>
ST_13 : Operation 112 [14/16] (6.07ns)   --->   "%min = fdiv float %tmp_i_4, %tmp_1_i" [src/honeybee.c:22->src/honeybee.c:52]   --->   Operation 112 'fdiv' 'min' <Predicate = true> <Delay = 6.07> <Core = "FDiv">   --->   Core 107 'FDiv' <Latency = 15> <II = 1> <Delay = 6.07> <FuncUnit> <Opcode : 'fdiv' 'frem'> <InPorts = 2> <OutPorts = 1>
ST_13 : Operation 113 [14/16] (6.07ns)   --->   "%min_3 = fdiv float %tmp_i2, %tmp_1_i3" [src/honeybee.c:22->src/honeybee.c:53]   --->   Operation 113 'fdiv' 'min_3' <Predicate = true> <Delay = 6.07> <Core = "FDiv">   --->   Core 107 'FDiv' <Latency = 15> <II = 1> <Delay = 6.07> <FuncUnit> <Opcode : 'fdiv' 'frem'> <InPorts = 2> <OutPorts = 1>
ST_13 : Operation 114 [14/16] (6.07ns)   --->   "%min_1 = fdiv float %tmp_i6, %tmp_1_i7" [src/honeybee.c:22->src/honeybee.c:54]   --->   Operation 114 'fdiv' 'min_1' <Predicate = true> <Delay = 6.07> <Core = "FDiv">   --->   Core 107 'FDiv' <Latency = 15> <II = 1> <Delay = 6.07> <FuncUnit> <Opcode : 'fdiv' 'frem'> <InPorts = 2> <OutPorts = 1>
ST_13 : Operation 115 [9/16] (6.07ns)   --->   "%max_2 = fdiv float %tmp_i, %tmp_1_i" [src/honeybee.c:18->src/honeybee.c:57]   --->   Operation 115 'fdiv' 'max_2' <Predicate = true> <Delay = 6.07> <Core = "FDiv">   --->   Core 107 'FDiv' <Latency = 15> <II = 1> <Delay = 6.07> <FuncUnit> <Opcode : 'fdiv' 'frem'> <InPorts = 2> <OutPorts = 1>
ST_13 : Operation 116 [9/16] (6.07ns)   --->   "%max_5 = fdiv float %tmp_i1, %tmp_1_i3" [src/honeybee.c:18->src/honeybee.c:58]   --->   Operation 116 'fdiv' 'max_5' <Predicate = true> <Delay = 6.07> <Core = "FDiv">   --->   Core 107 'FDiv' <Latency = 15> <II = 1> <Delay = 6.07> <FuncUnit> <Opcode : 'fdiv' 'frem'> <InPorts = 2> <OutPorts = 1>
ST_13 : Operation 117 [9/16] (6.07ns)   --->   "%max_3 = fdiv float %tmp_i5, %tmp_1_i7" [src/honeybee.c:18->src/honeybee.c:59]   --->   Operation 117 'fdiv' 'max_3' <Predicate = true> <Delay = 6.07> <Core = "FDiv">   --->   Core 107 'FDiv' <Latency = 15> <II = 1> <Delay = 6.07> <FuncUnit> <Opcode : 'fdiv' 'frem'> <InPorts = 2> <OutPorts = 1>

State 14 <SV = 13> <Delay = 6.07>
ST_14 : Operation 118 [13/16] (6.07ns)   --->   "%min = fdiv float %tmp_i_4, %tmp_1_i" [src/honeybee.c:22->src/honeybee.c:52]   --->   Operation 118 'fdiv' 'min' <Predicate = true> <Delay = 6.07> <Core = "FDiv">   --->   Core 107 'FDiv' <Latency = 15> <II = 1> <Delay = 6.07> <FuncUnit> <Opcode : 'fdiv' 'frem'> <InPorts = 2> <OutPorts = 1>
ST_14 : Operation 119 [13/16] (6.07ns)   --->   "%min_3 = fdiv float %tmp_i2, %tmp_1_i3" [src/honeybee.c:22->src/honeybee.c:53]   --->   Operation 119 'fdiv' 'min_3' <Predicate = true> <Delay = 6.07> <Core = "FDiv">   --->   Core 107 'FDiv' <Latency = 15> <II = 1> <Delay = 6.07> <FuncUnit> <Opcode : 'fdiv' 'frem'> <InPorts = 2> <OutPorts = 1>
ST_14 : Operation 120 [13/16] (6.07ns)   --->   "%min_1 = fdiv float %tmp_i6, %tmp_1_i7" [src/honeybee.c:22->src/honeybee.c:54]   --->   Operation 120 'fdiv' 'min_1' <Predicate = true> <Delay = 6.07> <Core = "FDiv">   --->   Core 107 'FDiv' <Latency = 15> <II = 1> <Delay = 6.07> <FuncUnit> <Opcode : 'fdiv' 'frem'> <InPorts = 2> <OutPorts = 1>
ST_14 : Operation 121 [8/16] (6.07ns)   --->   "%max_2 = fdiv float %tmp_i, %tmp_1_i" [src/honeybee.c:18->src/honeybee.c:57]   --->   Operation 121 'fdiv' 'max_2' <Predicate = true> <Delay = 6.07> <Core = "FDiv">   --->   Core 107 'FDiv' <Latency = 15> <II = 1> <Delay = 6.07> <FuncUnit> <Opcode : 'fdiv' 'frem'> <InPorts = 2> <OutPorts = 1>
ST_14 : Operation 122 [8/16] (6.07ns)   --->   "%max_5 = fdiv float %tmp_i1, %tmp_1_i3" [src/honeybee.c:18->src/honeybee.c:58]   --->   Operation 122 'fdiv' 'max_5' <Predicate = true> <Delay = 6.07> <Core = "FDiv">   --->   Core 107 'FDiv' <Latency = 15> <II = 1> <Delay = 6.07> <FuncUnit> <Opcode : 'fdiv' 'frem'> <InPorts = 2> <OutPorts = 1>
ST_14 : Operation 123 [8/16] (6.07ns)   --->   "%max_3 = fdiv float %tmp_i5, %tmp_1_i7" [src/honeybee.c:18->src/honeybee.c:59]   --->   Operation 123 'fdiv' 'max_3' <Predicate = true> <Delay = 6.07> <Core = "FDiv">   --->   Core 107 'FDiv' <Latency = 15> <II = 1> <Delay = 6.07> <FuncUnit> <Opcode : 'fdiv' 'frem'> <InPorts = 2> <OutPorts = 1>

State 15 <SV = 14> <Delay = 6.07>
ST_15 : Operation 124 [12/16] (6.07ns)   --->   "%min = fdiv float %tmp_i_4, %tmp_1_i" [src/honeybee.c:22->src/honeybee.c:52]   --->   Operation 124 'fdiv' 'min' <Predicate = true> <Delay = 6.07> <Core = "FDiv">   --->   Core 107 'FDiv' <Latency = 15> <II = 1> <Delay = 6.07> <FuncUnit> <Opcode : 'fdiv' 'frem'> <InPorts = 2> <OutPorts = 1>
ST_15 : Operation 125 [12/16] (6.07ns)   --->   "%min_3 = fdiv float %tmp_i2, %tmp_1_i3" [src/honeybee.c:22->src/honeybee.c:53]   --->   Operation 125 'fdiv' 'min_3' <Predicate = true> <Delay = 6.07> <Core = "FDiv">   --->   Core 107 'FDiv' <Latency = 15> <II = 1> <Delay = 6.07> <FuncUnit> <Opcode : 'fdiv' 'frem'> <InPorts = 2> <OutPorts = 1>
ST_15 : Operation 126 [12/16] (6.07ns)   --->   "%min_1 = fdiv float %tmp_i6, %tmp_1_i7" [src/honeybee.c:22->src/honeybee.c:54]   --->   Operation 126 'fdiv' 'min_1' <Predicate = true> <Delay = 6.07> <Core = "FDiv">   --->   Core 107 'FDiv' <Latency = 15> <II = 1> <Delay = 6.07> <FuncUnit> <Opcode : 'fdiv' 'frem'> <InPorts = 2> <OutPorts = 1>
ST_15 : Operation 127 [7/16] (6.07ns)   --->   "%max_2 = fdiv float %tmp_i, %tmp_1_i" [src/honeybee.c:18->src/honeybee.c:57]   --->   Operation 127 'fdiv' 'max_2' <Predicate = true> <Delay = 6.07> <Core = "FDiv">   --->   Core 107 'FDiv' <Latency = 15> <II = 1> <Delay = 6.07> <FuncUnit> <Opcode : 'fdiv' 'frem'> <InPorts = 2> <OutPorts = 1>
ST_15 : Operation 128 [7/16] (6.07ns)   --->   "%max_5 = fdiv float %tmp_i1, %tmp_1_i3" [src/honeybee.c:18->src/honeybee.c:58]   --->   Operation 128 'fdiv' 'max_5' <Predicate = true> <Delay = 6.07> <Core = "FDiv">   --->   Core 107 'FDiv' <Latency = 15> <II = 1> <Delay = 6.07> <FuncUnit> <Opcode : 'fdiv' 'frem'> <InPorts = 2> <OutPorts = 1>
ST_15 : Operation 129 [7/16] (6.07ns)   --->   "%max_3 = fdiv float %tmp_i5, %tmp_1_i7" [src/honeybee.c:18->src/honeybee.c:59]   --->   Operation 129 'fdiv' 'max_3' <Predicate = true> <Delay = 6.07> <Core = "FDiv">   --->   Core 107 'FDiv' <Latency = 15> <II = 1> <Delay = 6.07> <FuncUnit> <Opcode : 'fdiv' 'frem'> <InPorts = 2> <OutPorts = 1>

State 16 <SV = 15> <Delay = 6.07>
ST_16 : Operation 130 [11/16] (6.07ns)   --->   "%min = fdiv float %tmp_i_4, %tmp_1_i" [src/honeybee.c:22->src/honeybee.c:52]   --->   Operation 130 'fdiv' 'min' <Predicate = true> <Delay = 6.07> <Core = "FDiv">   --->   Core 107 'FDiv' <Latency = 15> <II = 1> <Delay = 6.07> <FuncUnit> <Opcode : 'fdiv' 'frem'> <InPorts = 2> <OutPorts = 1>
ST_16 : Operation 131 [11/16] (6.07ns)   --->   "%min_3 = fdiv float %tmp_i2, %tmp_1_i3" [src/honeybee.c:22->src/honeybee.c:53]   --->   Operation 131 'fdiv' 'min_3' <Predicate = true> <Delay = 6.07> <Core = "FDiv">   --->   Core 107 'FDiv' <Latency = 15> <II = 1> <Delay = 6.07> <FuncUnit> <Opcode : 'fdiv' 'frem'> <InPorts = 2> <OutPorts = 1>
ST_16 : Operation 132 [11/16] (6.07ns)   --->   "%min_1 = fdiv float %tmp_i6, %tmp_1_i7" [src/honeybee.c:22->src/honeybee.c:54]   --->   Operation 132 'fdiv' 'min_1' <Predicate = true> <Delay = 6.07> <Core = "FDiv">   --->   Core 107 'FDiv' <Latency = 15> <II = 1> <Delay = 6.07> <FuncUnit> <Opcode : 'fdiv' 'frem'> <InPorts = 2> <OutPorts = 1>
ST_16 : Operation 133 [6/16] (6.07ns)   --->   "%max_2 = fdiv float %tmp_i, %tmp_1_i" [src/honeybee.c:18->src/honeybee.c:57]   --->   Operation 133 'fdiv' 'max_2' <Predicate = true> <Delay = 6.07> <Core = "FDiv">   --->   Core 107 'FDiv' <Latency = 15> <II = 1> <Delay = 6.07> <FuncUnit> <Opcode : 'fdiv' 'frem'> <InPorts = 2> <OutPorts = 1>
ST_16 : Operation 134 [6/16] (6.07ns)   --->   "%max_5 = fdiv float %tmp_i1, %tmp_1_i3" [src/honeybee.c:18->src/honeybee.c:58]   --->   Operation 134 'fdiv' 'max_5' <Predicate = true> <Delay = 6.07> <Core = "FDiv">   --->   Core 107 'FDiv' <Latency = 15> <II = 1> <Delay = 6.07> <FuncUnit> <Opcode : 'fdiv' 'frem'> <InPorts = 2> <OutPorts = 1>
ST_16 : Operation 135 [6/16] (6.07ns)   --->   "%max_3 = fdiv float %tmp_i5, %tmp_1_i7" [src/honeybee.c:18->src/honeybee.c:59]   --->   Operation 135 'fdiv' 'max_3' <Predicate = true> <Delay = 6.07> <Core = "FDiv">   --->   Core 107 'FDiv' <Latency = 15> <II = 1> <Delay = 6.07> <FuncUnit> <Opcode : 'fdiv' 'frem'> <InPorts = 2> <OutPorts = 1>

State 17 <SV = 16> <Delay = 6.07>
ST_17 : Operation 136 [10/16] (6.07ns)   --->   "%min = fdiv float %tmp_i_4, %tmp_1_i" [src/honeybee.c:22->src/honeybee.c:52]   --->   Operation 136 'fdiv' 'min' <Predicate = true> <Delay = 6.07> <Core = "FDiv">   --->   Core 107 'FDiv' <Latency = 15> <II = 1> <Delay = 6.07> <FuncUnit> <Opcode : 'fdiv' 'frem'> <InPorts = 2> <OutPorts = 1>
ST_17 : Operation 137 [10/16] (6.07ns)   --->   "%min_3 = fdiv float %tmp_i2, %tmp_1_i3" [src/honeybee.c:22->src/honeybee.c:53]   --->   Operation 137 'fdiv' 'min_3' <Predicate = true> <Delay = 6.07> <Core = "FDiv">   --->   Core 107 'FDiv' <Latency = 15> <II = 1> <Delay = 6.07> <FuncUnit> <Opcode : 'fdiv' 'frem'> <InPorts = 2> <OutPorts = 1>
ST_17 : Operation 138 [10/16] (6.07ns)   --->   "%min_1 = fdiv float %tmp_i6, %tmp_1_i7" [src/honeybee.c:22->src/honeybee.c:54]   --->   Operation 138 'fdiv' 'min_1' <Predicate = true> <Delay = 6.07> <Core = "FDiv">   --->   Core 107 'FDiv' <Latency = 15> <II = 1> <Delay = 6.07> <FuncUnit> <Opcode : 'fdiv' 'frem'> <InPorts = 2> <OutPorts = 1>
ST_17 : Operation 139 [5/16] (6.07ns)   --->   "%max_2 = fdiv float %tmp_i, %tmp_1_i" [src/honeybee.c:18->src/honeybee.c:57]   --->   Operation 139 'fdiv' 'max_2' <Predicate = true> <Delay = 6.07> <Core = "FDiv">   --->   Core 107 'FDiv' <Latency = 15> <II = 1> <Delay = 6.07> <FuncUnit> <Opcode : 'fdiv' 'frem'> <InPorts = 2> <OutPorts = 1>
ST_17 : Operation 140 [5/16] (6.07ns)   --->   "%max_5 = fdiv float %tmp_i1, %tmp_1_i3" [src/honeybee.c:18->src/honeybee.c:58]   --->   Operation 140 'fdiv' 'max_5' <Predicate = true> <Delay = 6.07> <Core = "FDiv">   --->   Core 107 'FDiv' <Latency = 15> <II = 1> <Delay = 6.07> <FuncUnit> <Opcode : 'fdiv' 'frem'> <InPorts = 2> <OutPorts = 1>
ST_17 : Operation 141 [5/16] (6.07ns)   --->   "%max_3 = fdiv float %tmp_i5, %tmp_1_i7" [src/honeybee.c:18->src/honeybee.c:59]   --->   Operation 141 'fdiv' 'max_3' <Predicate = true> <Delay = 6.07> <Core = "FDiv">   --->   Core 107 'FDiv' <Latency = 15> <II = 1> <Delay = 6.07> <FuncUnit> <Opcode : 'fdiv' 'frem'> <InPorts = 2> <OutPorts = 1>

State 18 <SV = 17> <Delay = 6.07>
ST_18 : Operation 142 [9/16] (6.07ns)   --->   "%min = fdiv float %tmp_i_4, %tmp_1_i" [src/honeybee.c:22->src/honeybee.c:52]   --->   Operation 142 'fdiv' 'min' <Predicate = true> <Delay = 6.07> <Core = "FDiv">   --->   Core 107 'FDiv' <Latency = 15> <II = 1> <Delay = 6.07> <FuncUnit> <Opcode : 'fdiv' 'frem'> <InPorts = 2> <OutPorts = 1>
ST_18 : Operation 143 [9/16] (6.07ns)   --->   "%min_3 = fdiv float %tmp_i2, %tmp_1_i3" [src/honeybee.c:22->src/honeybee.c:53]   --->   Operation 143 'fdiv' 'min_3' <Predicate = true> <Delay = 6.07> <Core = "FDiv">   --->   Core 107 'FDiv' <Latency = 15> <II = 1> <Delay = 6.07> <FuncUnit> <Opcode : 'fdiv' 'frem'> <InPorts = 2> <OutPorts = 1>
ST_18 : Operation 144 [9/16] (6.07ns)   --->   "%min_1 = fdiv float %tmp_i6, %tmp_1_i7" [src/honeybee.c:22->src/honeybee.c:54]   --->   Operation 144 'fdiv' 'min_1' <Predicate = true> <Delay = 6.07> <Core = "FDiv">   --->   Core 107 'FDiv' <Latency = 15> <II = 1> <Delay = 6.07> <FuncUnit> <Opcode : 'fdiv' 'frem'> <InPorts = 2> <OutPorts = 1>
ST_18 : Operation 145 [4/16] (6.07ns)   --->   "%max_2 = fdiv float %tmp_i, %tmp_1_i" [src/honeybee.c:18->src/honeybee.c:57]   --->   Operation 145 'fdiv' 'max_2' <Predicate = true> <Delay = 6.07> <Core = "FDiv">   --->   Core 107 'FDiv' <Latency = 15> <II = 1> <Delay = 6.07> <FuncUnit> <Opcode : 'fdiv' 'frem'> <InPorts = 2> <OutPorts = 1>
ST_18 : Operation 146 [4/16] (6.07ns)   --->   "%max_5 = fdiv float %tmp_i1, %tmp_1_i3" [src/honeybee.c:18->src/honeybee.c:58]   --->   Operation 146 'fdiv' 'max_5' <Predicate = true> <Delay = 6.07> <Core = "FDiv">   --->   Core 107 'FDiv' <Latency = 15> <II = 1> <Delay = 6.07> <FuncUnit> <Opcode : 'fdiv' 'frem'> <InPorts = 2> <OutPorts = 1>
ST_18 : Operation 147 [4/16] (6.07ns)   --->   "%max_3 = fdiv float %tmp_i5, %tmp_1_i7" [src/honeybee.c:18->src/honeybee.c:59]   --->   Operation 147 'fdiv' 'max_3' <Predicate = true> <Delay = 6.07> <Core = "FDiv">   --->   Core 107 'FDiv' <Latency = 15> <II = 1> <Delay = 6.07> <FuncUnit> <Opcode : 'fdiv' 'frem'> <InPorts = 2> <OutPorts = 1>

State 19 <SV = 18> <Delay = 6.07>
ST_19 : Operation 148 [8/16] (6.07ns)   --->   "%min = fdiv float %tmp_i_4, %tmp_1_i" [src/honeybee.c:22->src/honeybee.c:52]   --->   Operation 148 'fdiv' 'min' <Predicate = true> <Delay = 6.07> <Core = "FDiv">   --->   Core 107 'FDiv' <Latency = 15> <II = 1> <Delay = 6.07> <FuncUnit> <Opcode : 'fdiv' 'frem'> <InPorts = 2> <OutPorts = 1>
ST_19 : Operation 149 [8/16] (6.07ns)   --->   "%min_3 = fdiv float %tmp_i2, %tmp_1_i3" [src/honeybee.c:22->src/honeybee.c:53]   --->   Operation 149 'fdiv' 'min_3' <Predicate = true> <Delay = 6.07> <Core = "FDiv">   --->   Core 107 'FDiv' <Latency = 15> <II = 1> <Delay = 6.07> <FuncUnit> <Opcode : 'fdiv' 'frem'> <InPorts = 2> <OutPorts = 1>
ST_19 : Operation 150 [8/16] (6.07ns)   --->   "%min_1 = fdiv float %tmp_i6, %tmp_1_i7" [src/honeybee.c:22->src/honeybee.c:54]   --->   Operation 150 'fdiv' 'min_1' <Predicate = true> <Delay = 6.07> <Core = "FDiv">   --->   Core 107 'FDiv' <Latency = 15> <II = 1> <Delay = 6.07> <FuncUnit> <Opcode : 'fdiv' 'frem'> <InPorts = 2> <OutPorts = 1>
ST_19 : Operation 151 [3/16] (6.07ns)   --->   "%max_2 = fdiv float %tmp_i, %tmp_1_i" [src/honeybee.c:18->src/honeybee.c:57]   --->   Operation 151 'fdiv' 'max_2' <Predicate = true> <Delay = 6.07> <Core = "FDiv">   --->   Core 107 'FDiv' <Latency = 15> <II = 1> <Delay = 6.07> <FuncUnit> <Opcode : 'fdiv' 'frem'> <InPorts = 2> <OutPorts = 1>
ST_19 : Operation 152 [3/16] (6.07ns)   --->   "%max_5 = fdiv float %tmp_i1, %tmp_1_i3" [src/honeybee.c:18->src/honeybee.c:58]   --->   Operation 152 'fdiv' 'max_5' <Predicate = true> <Delay = 6.07> <Core = "FDiv">   --->   Core 107 'FDiv' <Latency = 15> <II = 1> <Delay = 6.07> <FuncUnit> <Opcode : 'fdiv' 'frem'> <InPorts = 2> <OutPorts = 1>
ST_19 : Operation 153 [3/16] (6.07ns)   --->   "%max_3 = fdiv float %tmp_i5, %tmp_1_i7" [src/honeybee.c:18->src/honeybee.c:59]   --->   Operation 153 'fdiv' 'max_3' <Predicate = true> <Delay = 6.07> <Core = "FDiv">   --->   Core 107 'FDiv' <Latency = 15> <II = 1> <Delay = 6.07> <FuncUnit> <Opcode : 'fdiv' 'frem'> <InPorts = 2> <OutPorts = 1>

State 20 <SV = 19> <Delay = 6.07>
ST_20 : Operation 154 [7/16] (6.07ns)   --->   "%min = fdiv float %tmp_i_4, %tmp_1_i" [src/honeybee.c:22->src/honeybee.c:52]   --->   Operation 154 'fdiv' 'min' <Predicate = true> <Delay = 6.07> <Core = "FDiv">   --->   Core 107 'FDiv' <Latency = 15> <II = 1> <Delay = 6.07> <FuncUnit> <Opcode : 'fdiv' 'frem'> <InPorts = 2> <OutPorts = 1>
ST_20 : Operation 155 [7/16] (6.07ns)   --->   "%min_3 = fdiv float %tmp_i2, %tmp_1_i3" [src/honeybee.c:22->src/honeybee.c:53]   --->   Operation 155 'fdiv' 'min_3' <Predicate = true> <Delay = 6.07> <Core = "FDiv">   --->   Core 107 'FDiv' <Latency = 15> <II = 1> <Delay = 6.07> <FuncUnit> <Opcode : 'fdiv' 'frem'> <InPorts = 2> <OutPorts = 1>
ST_20 : Operation 156 [7/16] (6.07ns)   --->   "%min_1 = fdiv float %tmp_i6, %tmp_1_i7" [src/honeybee.c:22->src/honeybee.c:54]   --->   Operation 156 'fdiv' 'min_1' <Predicate = true> <Delay = 6.07> <Core = "FDiv">   --->   Core 107 'FDiv' <Latency = 15> <II = 1> <Delay = 6.07> <FuncUnit> <Opcode : 'fdiv' 'frem'> <InPorts = 2> <OutPorts = 1>
ST_20 : Operation 157 [2/16] (6.07ns)   --->   "%max_2 = fdiv float %tmp_i, %tmp_1_i" [src/honeybee.c:18->src/honeybee.c:57]   --->   Operation 157 'fdiv' 'max_2' <Predicate = true> <Delay = 6.07> <Core = "FDiv">   --->   Core 107 'FDiv' <Latency = 15> <II = 1> <Delay = 6.07> <FuncUnit> <Opcode : 'fdiv' 'frem'> <InPorts = 2> <OutPorts = 1>
ST_20 : Operation 158 [2/16] (6.07ns)   --->   "%max_5 = fdiv float %tmp_i1, %tmp_1_i3" [src/honeybee.c:18->src/honeybee.c:58]   --->   Operation 158 'fdiv' 'max_5' <Predicate = true> <Delay = 6.07> <Core = "FDiv">   --->   Core 107 'FDiv' <Latency = 15> <II = 1> <Delay = 6.07> <FuncUnit> <Opcode : 'fdiv' 'frem'> <InPorts = 2> <OutPorts = 1>
ST_20 : Operation 159 [2/16] (6.07ns)   --->   "%max_3 = fdiv float %tmp_i5, %tmp_1_i7" [src/honeybee.c:18->src/honeybee.c:59]   --->   Operation 159 'fdiv' 'max_3' <Predicate = true> <Delay = 6.07> <Core = "FDiv">   --->   Core 107 'FDiv' <Latency = 15> <II = 1> <Delay = 6.07> <FuncUnit> <Opcode : 'fdiv' 'frem'> <InPorts = 2> <OutPorts = 1>

State 21 <SV = 20> <Delay = 6.07>
ST_21 : Operation 160 [6/16] (6.07ns)   --->   "%min = fdiv float %tmp_i_4, %tmp_1_i" [src/honeybee.c:22->src/honeybee.c:52]   --->   Operation 160 'fdiv' 'min' <Predicate = true> <Delay = 6.07> <Core = "FDiv">   --->   Core 107 'FDiv' <Latency = 15> <II = 1> <Delay = 6.07> <FuncUnit> <Opcode : 'fdiv' 'frem'> <InPorts = 2> <OutPorts = 1>
ST_21 : Operation 161 [6/16] (6.07ns)   --->   "%min_3 = fdiv float %tmp_i2, %tmp_1_i3" [src/honeybee.c:22->src/honeybee.c:53]   --->   Operation 161 'fdiv' 'min_3' <Predicate = true> <Delay = 6.07> <Core = "FDiv">   --->   Core 107 'FDiv' <Latency = 15> <II = 1> <Delay = 6.07> <FuncUnit> <Opcode : 'fdiv' 'frem'> <InPorts = 2> <OutPorts = 1>
ST_21 : Operation 162 [6/16] (6.07ns)   --->   "%min_1 = fdiv float %tmp_i6, %tmp_1_i7" [src/honeybee.c:22->src/honeybee.c:54]   --->   Operation 162 'fdiv' 'min_1' <Predicate = true> <Delay = 6.07> <Core = "FDiv">   --->   Core 107 'FDiv' <Latency = 15> <II = 1> <Delay = 6.07> <FuncUnit> <Opcode : 'fdiv' 'frem'> <InPorts = 2> <OutPorts = 1>
ST_21 : Operation 163 [1/16] (6.07ns)   --->   "%max_2 = fdiv float %tmp_i, %tmp_1_i" [src/honeybee.c:18->src/honeybee.c:57]   --->   Operation 163 'fdiv' 'max_2' <Predicate = true> <Delay = 6.07> <Core = "FDiv">   --->   Core 107 'FDiv' <Latency = 15> <II = 1> <Delay = 6.07> <FuncUnit> <Opcode : 'fdiv' 'frem'> <InPorts = 2> <OutPorts = 1>
ST_21 : Operation 164 [1/16] (6.07ns)   --->   "%max_5 = fdiv float %tmp_i1, %tmp_1_i3" [src/honeybee.c:18->src/honeybee.c:58]   --->   Operation 164 'fdiv' 'max_5' <Predicate = true> <Delay = 6.07> <Core = "FDiv">   --->   Core 107 'FDiv' <Latency = 15> <II = 1> <Delay = 6.07> <FuncUnit> <Opcode : 'fdiv' 'frem'> <InPorts = 2> <OutPorts = 1>
ST_21 : Operation 165 [1/16] (6.07ns)   --->   "%max_3 = fdiv float %tmp_i5, %tmp_1_i7" [src/honeybee.c:18->src/honeybee.c:59]   --->   Operation 165 'fdiv' 'max_3' <Predicate = true> <Delay = 6.07> <Core = "FDiv">   --->   Core 107 'FDiv' <Latency = 15> <II = 1> <Delay = 6.07> <FuncUnit> <Opcode : 'fdiv' 'frem'> <InPorts = 2> <OutPorts = 1>

State 22 <SV = 21> <Delay = 6.07>
ST_22 : Operation 166 [5/16] (6.07ns)   --->   "%min = fdiv float %tmp_i_4, %tmp_1_i" [src/honeybee.c:22->src/honeybee.c:52]   --->   Operation 166 'fdiv' 'min' <Predicate = true> <Delay = 6.07> <Core = "FDiv">   --->   Core 107 'FDiv' <Latency = 15> <II = 1> <Delay = 6.07> <FuncUnit> <Opcode : 'fdiv' 'frem'> <InPorts = 2> <OutPorts = 1>
ST_22 : Operation 167 [5/16] (6.07ns)   --->   "%min_3 = fdiv float %tmp_i2, %tmp_1_i3" [src/honeybee.c:22->src/honeybee.c:53]   --->   Operation 167 'fdiv' 'min_3' <Predicate = true> <Delay = 6.07> <Core = "FDiv">   --->   Core 107 'FDiv' <Latency = 15> <II = 1> <Delay = 6.07> <FuncUnit> <Opcode : 'fdiv' 'frem'> <InPorts = 2> <OutPorts = 1>
ST_22 : Operation 168 [5/16] (6.07ns)   --->   "%min_1 = fdiv float %tmp_i6, %tmp_1_i7" [src/honeybee.c:22->src/honeybee.c:54]   --->   Operation 168 'fdiv' 'min_1' <Predicate = true> <Delay = 6.07> <Core = "FDiv">   --->   Core 107 'FDiv' <Latency = 15> <II = 1> <Delay = 6.07> <FuncUnit> <Opcode : 'fdiv' 'frem'> <InPorts = 2> <OutPorts = 1>
ST_22 : Operation 169 [2/2] (5.43ns)   --->   "%tmp_4 = fcmp ogt float %max_2, %max_5" [src/honeybee.c:27->src/honeybee.c:59]   --->   Operation 169 'fcmp' 'tmp_4' <Predicate = true> <Delay = 5.43> <Core = "FCmp">   --->   Core 111 'FCmp' <Latency = 1> <II = 1> <Delay = 5.43> <FuncUnit> <Opcode : 'fcmp'> <InPorts = 2> <OutPorts = 1>
ST_22 : Operation 170 [2/2] (5.43ns)   --->   "%tmp_7 = fcmp ogt float %max_3, %max_2" [src/honeybee.c:29->src/honeybee.c:59]   --->   Operation 170 'fcmp' 'tmp_7' <Predicate = true> <Delay = 5.43> <Core = "FCmp">   --->   Core 111 'FCmp' <Latency = 1> <II = 1> <Delay = 5.43> <FuncUnit> <Opcode : 'fcmp'> <InPorts = 2> <OutPorts = 1>
ST_22 : Operation 171 [2/2] (5.43ns)   --->   "%tmp_10 = fcmp ogt float %max_3, %max_5" [src/honeybee.c:32->src/honeybee.c:59]   --->   Operation 171 'fcmp' 'tmp_10' <Predicate = true> <Delay = 5.43> <Core = "FCmp">   --->   Core 111 'FCmp' <Latency = 1> <II = 1> <Delay = 5.43> <FuncUnit> <Opcode : 'fcmp'> <InPorts = 2> <OutPorts = 1>

State 23 <SV = 22> <Delay = 7.38>
ST_23 : Operation 172 [4/16] (6.07ns)   --->   "%min = fdiv float %tmp_i_4, %tmp_1_i" [src/honeybee.c:22->src/honeybee.c:52]   --->   Operation 172 'fdiv' 'min' <Predicate = true> <Delay = 6.07> <Core = "FDiv">   --->   Core 107 'FDiv' <Latency = 15> <II = 1> <Delay = 6.07> <FuncUnit> <Opcode : 'fdiv' 'frem'> <InPorts = 2> <OutPorts = 1>
ST_23 : Operation 173 [4/16] (6.07ns)   --->   "%min_3 = fdiv float %tmp_i2, %tmp_1_i3" [src/honeybee.c:22->src/honeybee.c:53]   --->   Operation 173 'fdiv' 'min_3' <Predicate = true> <Delay = 6.07> <Core = "FDiv">   --->   Core 107 'FDiv' <Latency = 15> <II = 1> <Delay = 6.07> <FuncUnit> <Opcode : 'fdiv' 'frem'> <InPorts = 2> <OutPorts = 1>
ST_23 : Operation 174 [4/16] (6.07ns)   --->   "%min_1 = fdiv float %tmp_i6, %tmp_1_i7" [src/honeybee.c:22->src/honeybee.c:54]   --->   Operation 174 'fdiv' 'min_1' <Predicate = true> <Delay = 6.07> <Core = "FDiv">   --->   Core 107 'FDiv' <Latency = 15> <II = 1> <Delay = 6.07> <FuncUnit> <Opcode : 'fdiv' 'frem'> <InPorts = 2> <OutPorts = 1>
ST_23 : Operation 175 [1/1] (0.00ns)   --->   "%bitcast_ln27 = bitcast float %max_2 to i32" [src/honeybee.c:27->src/honeybee.c:59]   --->   Operation 175 'bitcast' 'bitcast_ln27' <Predicate = true> <Delay = 0.00>
ST_23 : Operation 176 [1/1] (0.00ns)   --->   "%tmp_9 = call i8 @_ssdm_op_PartSelect.i8.i32.i32.i32(i32 %bitcast_ln27, i32 23, i32 30)" [src/honeybee.c:27->src/honeybee.c:59]   --->   Operation 176 'partselect' 'tmp_9' <Predicate = true> <Delay = 0.00>
ST_23 : Operation 177 [1/1] (0.00ns)   --->   "%trunc_ln27 = trunc i32 %bitcast_ln27 to i23" [src/honeybee.c:27->src/honeybee.c:59]   --->   Operation 177 'trunc' 'trunc_ln27' <Predicate = true> <Delay = 0.00>
ST_23 : Operation 178 [1/1] (0.00ns)   --->   "%bitcast_ln27_1 = bitcast float %max_5 to i32" [src/honeybee.c:27->src/honeybee.c:59]   --->   Operation 178 'bitcast' 'bitcast_ln27_1' <Predicate = true> <Delay = 0.00>
ST_23 : Operation 179 [1/1] (0.00ns)   --->   "%tmp_s = call i8 @_ssdm_op_PartSelect.i8.i32.i32.i32(i32 %bitcast_ln27_1, i32 23, i32 30)" [src/honeybee.c:27->src/honeybee.c:59]   --->   Operation 179 'partselect' 'tmp_s' <Predicate = true> <Delay = 0.00>
ST_23 : Operation 180 [1/1] (0.00ns)   --->   "%trunc_ln27_1 = trunc i32 %bitcast_ln27_1 to i23" [src/honeybee.c:27->src/honeybee.c:59]   --->   Operation 180 'trunc' 'trunc_ln27_1' <Predicate = true> <Delay = 0.00>
ST_23 : Operation 181 [1/1] (1.55ns)   --->   "%icmp_ln27 = icmp ne i8 %tmp_9, -1" [src/honeybee.c:27->src/honeybee.c:59]   --->   Operation 181 'icmp' 'icmp_ln27' <Predicate = true> <Delay = 1.55> <Core = "Cmp">   --->   Core 25 'Cmp' <Latency = 0> <II = 1> <Delay = 2.44> <FuncUnit> <Opcode : 'icmp'> <InPorts = 2> <OutPorts = 1>
ST_23 : Operation 182 [1/1] (2.44ns)   --->   "%icmp_ln27_1 = icmp eq i23 %trunc_ln27, 0" [src/honeybee.c:27->src/honeybee.c:59]   --->   Operation 182 'icmp' 'icmp_ln27_1' <Predicate = true> <Delay = 2.44> <Core = "Cmp">   --->   Core 25 'Cmp' <Latency = 0> <II = 1> <Delay = 2.44> <FuncUnit> <Opcode : 'icmp'> <InPorts = 2> <OutPorts = 1>
ST_23 : Operation 183 [1/1] (0.97ns)   --->   "%or_ln27 = or i1 %icmp_ln27_1, %icmp_ln27" [src/honeybee.c:27->src/honeybee.c:59]   --->   Operation 183 'or' 'or_ln27' <Predicate = true> <Delay = 0.97> <Core = "LogicGate">   --->   Core 27 'LogicGate' <Latency = 0> <II = 1> <Delay = 0.97> <FuncUnit> <Opcode : 'and' 'or' 'xor'> <InPorts = 2> <OutPorts = 1>
ST_23 : Operation 184 [1/1] (1.55ns)   --->   "%icmp_ln27_2 = icmp ne i8 %tmp_s, -1" [src/honeybee.c:27->src/honeybee.c:59]   --->   Operation 184 'icmp' 'icmp_ln27_2' <Predicate = true> <Delay = 1.55> <Core = "Cmp">   --->   Core 25 'Cmp' <Latency = 0> <II = 1> <Delay = 2.44> <FuncUnit> <Opcode : 'icmp'> <InPorts = 2> <OutPorts = 1>
ST_23 : Operation 185 [1/1] (2.44ns)   --->   "%icmp_ln27_3 = icmp eq i23 %trunc_ln27_1, 0" [src/honeybee.c:27->src/honeybee.c:59]   --->   Operation 185 'icmp' 'icmp_ln27_3' <Predicate = true> <Delay = 2.44> <Core = "Cmp">   --->   Core 25 'Cmp' <Latency = 0> <II = 1> <Delay = 2.44> <FuncUnit> <Opcode : 'icmp'> <InPorts = 2> <OutPorts = 1>
ST_23 : Operation 186 [1/1] (0.97ns)   --->   "%or_ln27_1 = or i1 %icmp_ln27_3, %icmp_ln27_2" [src/honeybee.c:27->src/honeybee.c:59]   --->   Operation 186 'or' 'or_ln27_1' <Predicate = true> <Delay = 0.97> <Core = "LogicGate">   --->   Core 27 'LogicGate' <Latency = 0> <II = 1> <Delay = 0.97> <FuncUnit> <Opcode : 'and' 'or' 'xor'> <InPorts = 2> <OutPorts = 1>
ST_23 : Operation 187 [1/1] (0.00ns) (grouped into LUT with out node max)   --->   "%and_ln27 = and i1 %or_ln27, %or_ln27_1" [src/honeybee.c:27->src/honeybee.c:59]   --->   Operation 187 'and' 'and_ln27' <Predicate = true> <Delay = 0.00> <Core = "LogicGate">   --->   Core 27 'LogicGate' <Latency = 0> <II = 1> <Delay = 0.97> <FuncUnit> <Opcode : 'and' 'or' 'xor'> <InPorts = 2> <OutPorts = 1>
ST_23 : Operation 188 [1/2] (5.43ns)   --->   "%tmp_4 = fcmp ogt float %max_2, %max_5" [src/honeybee.c:27->src/honeybee.c:59]   --->   Operation 188 'fcmp' 'tmp_4' <Predicate = true> <Delay = 5.43> <Core = "FCmp">   --->   Core 111 'FCmp' <Latency = 1> <II = 1> <Delay = 5.43> <FuncUnit> <Opcode : 'fcmp'> <InPorts = 2> <OutPorts = 1>
ST_23 : Operation 189 [1/1] (0.00ns) (grouped into LUT with out node max)   --->   "%and_ln27_1 = and i1 %and_ln27, %tmp_4" [src/honeybee.c:27->src/honeybee.c:59]   --->   Operation 189 'and' 'and_ln27_1' <Predicate = true> <Delay = 0.00> <Core = "LogicGate">   --->   Core 27 'LogicGate' <Latency = 0> <II = 1> <Delay = 0.97> <FuncUnit> <Opcode : 'and' 'or' 'xor'> <InPorts = 2> <OutPorts = 1>
ST_23 : Operation 190 [1/1] (0.00ns)   --->   "%bitcast_ln29 = bitcast float %max_3 to i32" [src/honeybee.c:29->src/honeybee.c:59]   --->   Operation 190 'bitcast' 'bitcast_ln29' <Predicate = true> <Delay = 0.00>
ST_23 : Operation 191 [1/1] (0.00ns)   --->   "%tmp_6 = call i8 @_ssdm_op_PartSelect.i8.i32.i32.i32(i32 %bitcast_ln29, i32 23, i32 30)" [src/honeybee.c:29->src/honeybee.c:59]   --->   Operation 191 'partselect' 'tmp_6' <Predicate = true> <Delay = 0.00>
ST_23 : Operation 192 [1/1] (0.00ns)   --->   "%trunc_ln29 = trunc i32 %bitcast_ln29 to i23" [src/honeybee.c:29->src/honeybee.c:59]   --->   Operation 192 'trunc' 'trunc_ln29' <Predicate = true> <Delay = 0.00>
ST_23 : Operation 193 [1/1] (1.55ns)   --->   "%icmp_ln29 = icmp ne i8 %tmp_6, -1" [src/honeybee.c:29->src/honeybee.c:59]   --->   Operation 193 'icmp' 'icmp_ln29' <Predicate = true> <Delay = 1.55> <Core = "Cmp">   --->   Core 25 'Cmp' <Latency = 0> <II = 1> <Delay = 2.44> <FuncUnit> <Opcode : 'icmp'> <InPorts = 2> <OutPorts = 1>
ST_23 : Operation 194 [1/1] (2.44ns)   --->   "%icmp_ln29_1 = icmp eq i23 %trunc_ln29, 0" [src/honeybee.c:29->src/honeybee.c:59]   --->   Operation 194 'icmp' 'icmp_ln29_1' <Predicate = true> <Delay = 2.44> <Core = "Cmp">   --->   Core 25 'Cmp' <Latency = 0> <II = 1> <Delay = 2.44> <FuncUnit> <Opcode : 'icmp'> <InPorts = 2> <OutPorts = 1>
ST_23 : Operation 195 [1/1] (0.97ns)   --->   "%or_ln29 = or i1 %icmp_ln29_1, %icmp_ln29" [src/honeybee.c:29->src/honeybee.c:59]   --->   Operation 195 'or' 'or_ln29' <Predicate = true> <Delay = 0.97> <Core = "LogicGate">   --->   Core 27 'LogicGate' <Latency = 0> <II = 1> <Delay = 0.97> <FuncUnit> <Opcode : 'and' 'or' 'xor'> <InPorts = 2> <OutPorts = 1>
ST_23 : Operation 196 [1/1] (0.00ns) (grouped into LUT with out node max_4)   --->   "%and_ln29 = and i1 %or_ln29, %or_ln27" [src/honeybee.c:29->src/honeybee.c:59]   --->   Operation 196 'and' 'and_ln29' <Predicate = true> <Delay = 0.00> <Core = "LogicGate">   --->   Core 27 'LogicGate' <Latency = 0> <II = 1> <Delay = 0.97> <FuncUnit> <Opcode : 'and' 'or' 'xor'> <InPorts = 2> <OutPorts = 1>
ST_23 : Operation 197 [1/2] (5.43ns)   --->   "%tmp_7 = fcmp ogt float %max_3, %max_2" [src/honeybee.c:29->src/honeybee.c:59]   --->   Operation 197 'fcmp' 'tmp_7' <Predicate = true> <Delay = 5.43> <Core = "FCmp">   --->   Core 111 'FCmp' <Latency = 1> <II = 1> <Delay = 5.43> <FuncUnit> <Opcode : 'fcmp'> <InPorts = 2> <OutPorts = 1>
ST_23 : Operation 198 [1/1] (0.00ns) (grouped into LUT with out node max_4)   --->   "%and_ln29_1 = and i1 %and_ln29, %tmp_7" [src/honeybee.c:29->src/honeybee.c:59]   --->   Operation 198 'and' 'and_ln29_1' <Predicate = true> <Delay = 0.00> <Core = "LogicGate">   --->   Core 27 'LogicGate' <Latency = 0> <II = 1> <Delay = 0.97> <FuncUnit> <Opcode : 'and' 'or' 'xor'> <InPorts = 2> <OutPorts = 1>
ST_23 : Operation 199 [1/1] (0.97ns) (out node of the LUT)   --->   "%max_4 = select i1 %and_ln29_1, float %max_3, float %max_2" [src/honeybee.c:29->src/honeybee.c:59]   --->   Operation 199 'select' 'max_4' <Predicate = true> <Delay = 0.97> <Core = "Sel">   --->   Core 26 'Sel' <Latency = 0> <II = 1> <Delay = 0.69> <FuncUnit> <Opcode : 'select'> <InPorts = 3> <OutPorts = 1>
ST_23 : Operation 200 [1/1] (0.00ns) (grouped into LUT with out node max_6)   --->   "%and_ln32 = and i1 %or_ln29, %or_ln27_1" [src/honeybee.c:32->src/honeybee.c:59]   --->   Operation 200 'and' 'and_ln32' <Predicate = true> <Delay = 0.00> <Core = "LogicGate">   --->   Core 27 'LogicGate' <Latency = 0> <II = 1> <Delay = 0.97> <FuncUnit> <Opcode : 'and' 'or' 'xor'> <InPorts = 2> <OutPorts = 1>
ST_23 : Operation 201 [1/2] (5.43ns)   --->   "%tmp_10 = fcmp ogt float %max_3, %max_5" [src/honeybee.c:32->src/honeybee.c:59]   --->   Operation 201 'fcmp' 'tmp_10' <Predicate = true> <Delay = 5.43> <Core = "FCmp">   --->   Core 111 'FCmp' <Latency = 1> <II = 1> <Delay = 5.43> <FuncUnit> <Opcode : 'fcmp'> <InPorts = 2> <OutPorts = 1>
ST_23 : Operation 202 [1/1] (0.00ns) (grouped into LUT with out node max_6)   --->   "%and_ln32_1 = and i1 %and_ln32, %tmp_10" [src/honeybee.c:32->src/honeybee.c:59]   --->   Operation 202 'and' 'and_ln32_1' <Predicate = true> <Delay = 0.00> <Core = "LogicGate">   --->   Core 27 'LogicGate' <Latency = 0> <II = 1> <Delay = 0.97> <FuncUnit> <Opcode : 'and' 'or' 'xor'> <InPorts = 2> <OutPorts = 1>
ST_23 : Operation 203 [1/1] (0.97ns) (out node of the LUT)   --->   "%max_6 = select i1 %and_ln32_1, float %max_3, float %max_5" [src/honeybee.c:32->src/honeybee.c:59]   --->   Operation 203 'select' 'max_6' <Predicate = true> <Delay = 0.97> <Core = "Sel">   --->   Core 26 'Sel' <Latency = 0> <II = 1> <Delay = 0.69> <FuncUnit> <Opcode : 'select'> <InPorts = 3> <OutPorts = 1>
ST_23 : Operation 204 [1/1] (0.97ns) (out node of the LUT)   --->   "%max = select i1 %and_ln27_1, float %max_4, float %max_6" [src/honeybee.c:27->src/honeybee.c:59]   --->   Operation 204 'select' 'max' <Predicate = true> <Delay = 0.97> <Core = "Sel">   --->   Core 26 'Sel' <Latency = 0> <II = 1> <Delay = 0.69> <FuncUnit> <Opcode : 'select'> <InPorts = 3> <OutPorts = 1>

State 24 <SV = 23> <Delay = 6.07>
ST_24 : Operation 205 [3/16] (6.07ns)   --->   "%min = fdiv float %tmp_i_4, %tmp_1_i" [src/honeybee.c:22->src/honeybee.c:52]   --->   Operation 205 'fdiv' 'min' <Predicate = true> <Delay = 6.07> <Core = "FDiv">   --->   Core 107 'FDiv' <Latency = 15> <II = 1> <Delay = 6.07> <FuncUnit> <Opcode : 'fdiv' 'frem'> <InPorts = 2> <OutPorts = 1>
ST_24 : Operation 206 [3/16] (6.07ns)   --->   "%min_3 = fdiv float %tmp_i2, %tmp_1_i3" [src/honeybee.c:22->src/honeybee.c:53]   --->   Operation 206 'fdiv' 'min_3' <Predicate = true> <Delay = 6.07> <Core = "FDiv">   --->   Core 107 'FDiv' <Latency = 15> <II = 1> <Delay = 6.07> <FuncUnit> <Opcode : 'fdiv' 'frem'> <InPorts = 2> <OutPorts = 1>
ST_24 : Operation 207 [3/16] (6.07ns)   --->   "%min_1 = fdiv float %tmp_i6, %tmp_1_i7" [src/honeybee.c:22->src/honeybee.c:54]   --->   Operation 207 'fdiv' 'min_1' <Predicate = true> <Delay = 6.07> <Core = "FDiv">   --->   Core 107 'FDiv' <Latency = 15> <II = 1> <Delay = 6.07> <FuncUnit> <Opcode : 'fdiv' 'frem'> <InPorts = 2> <OutPorts = 1>

State 25 <SV = 24> <Delay = 6.07>
ST_25 : Operation 208 [2/16] (6.07ns)   --->   "%min = fdiv float %tmp_i_4, %tmp_1_i" [src/honeybee.c:22->src/honeybee.c:52]   --->   Operation 208 'fdiv' 'min' <Predicate = true> <Delay = 6.07> <Core = "FDiv">   --->   Core 107 'FDiv' <Latency = 15> <II = 1> <Delay = 6.07> <FuncUnit> <Opcode : 'fdiv' 'frem'> <InPorts = 2> <OutPorts = 1>
ST_25 : Operation 209 [2/16] (6.07ns)   --->   "%min_3 = fdiv float %tmp_i2, %tmp_1_i3" [src/honeybee.c:22->src/honeybee.c:53]   --->   Operation 209 'fdiv' 'min_3' <Predicate = true> <Delay = 6.07> <Core = "FDiv">   --->   Core 107 'FDiv' <Latency = 15> <II = 1> <Delay = 6.07> <FuncUnit> <Opcode : 'fdiv' 'frem'> <InPorts = 2> <OutPorts = 1>
ST_25 : Operation 210 [2/16] (6.07ns)   --->   "%min_1 = fdiv float %tmp_i6, %tmp_1_i7" [src/honeybee.c:22->src/honeybee.c:54]   --->   Operation 210 'fdiv' 'min_1' <Predicate = true> <Delay = 6.07> <Core = "FDiv">   --->   Core 107 'FDiv' <Latency = 15> <II = 1> <Delay = 6.07> <FuncUnit> <Opcode : 'fdiv' 'frem'> <InPorts = 2> <OutPorts = 1>

State 26 <SV = 25> <Delay = 6.07>
ST_26 : Operation 211 [1/16] (6.07ns)   --->   "%min = fdiv float %tmp_i_4, %tmp_1_i" [src/honeybee.c:22->src/honeybee.c:52]   --->   Operation 211 'fdiv' 'min' <Predicate = true> <Delay = 6.07> <Core = "FDiv">   --->   Core 107 'FDiv' <Latency = 15> <II = 1> <Delay = 6.07> <FuncUnit> <Opcode : 'fdiv' 'frem'> <InPorts = 2> <OutPorts = 1>
ST_26 : Operation 212 [1/16] (6.07ns)   --->   "%min_3 = fdiv float %tmp_i2, %tmp_1_i3" [src/honeybee.c:22->src/honeybee.c:53]   --->   Operation 212 'fdiv' 'min_3' <Predicate = true> <Delay = 6.07> <Core = "FDiv">   --->   Core 107 'FDiv' <Latency = 15> <II = 1> <Delay = 6.07> <FuncUnit> <Opcode : 'fdiv' 'frem'> <InPorts = 2> <OutPorts = 1>
ST_26 : Operation 213 [1/16] (6.07ns)   --->   "%min_1 = fdiv float %tmp_i6, %tmp_1_i7" [src/honeybee.c:22->src/honeybee.c:54]   --->   Operation 213 'fdiv' 'min_1' <Predicate = true> <Delay = 6.07> <Core = "FDiv">   --->   Core 107 'FDiv' <Latency = 15> <II = 1> <Delay = 6.07> <FuncUnit> <Opcode : 'fdiv' 'frem'> <InPorts = 2> <OutPorts = 1>

State 27 <SV = 26> <Delay = 5.43>
ST_27 : Operation 214 [2/2] (5.43ns)   --->   "%tmp_2 = fcmp olt float %min, %min_3" [src/honeybee.c:39->src/honeybee.c:54]   --->   Operation 214 'fcmp' 'tmp_2' <Predicate = true> <Delay = 5.43> <Core = "FCmp">   --->   Core 111 'FCmp' <Latency = 1> <II = 1> <Delay = 5.43> <FuncUnit> <Opcode : 'fcmp'> <InPorts = 2> <OutPorts = 1>
ST_27 : Operation 215 [2/2] (5.43ns)   --->   "%tmp_5 = fcmp olt float %min_1, %min" [src/honeybee.c:41->src/honeybee.c:54]   --->   Operation 215 'fcmp' 'tmp_5' <Predicate = true> <Delay = 5.43> <Core = "FCmp">   --->   Core 111 'FCmp' <Latency = 1> <II = 1> <Delay = 5.43> <FuncUnit> <Opcode : 'fcmp'> <InPorts = 2> <OutPorts = 1>
ST_27 : Operation 216 [2/2] (5.43ns)   --->   "%tmp_8 = fcmp olt float %min_1, %min_3" [src/honeybee.c:44->src/honeybee.c:54]   --->   Operation 216 'fcmp' 'tmp_8' <Predicate = true> <Delay = 5.43> <Core = "FCmp">   --->   Core 111 'FCmp' <Latency = 1> <II = 1> <Delay = 5.43> <FuncUnit> <Opcode : 'fcmp'> <InPorts = 2> <OutPorts = 1>

State 28 <SV = 27> <Delay = 7.38>
ST_28 : Operation 217 [1/1] (0.00ns)   --->   "%bitcast_ln39 = bitcast float %min to i32" [src/honeybee.c:39->src/honeybee.c:54]   --->   Operation 217 'bitcast' 'bitcast_ln39' <Predicate = true> <Delay = 0.00>
ST_28 : Operation 218 [1/1] (0.00ns)   --->   "%tmp = call i8 @_ssdm_op_PartSelect.i8.i32.i32.i32(i32 %bitcast_ln39, i32 23, i32 30)" [src/honeybee.c:39->src/honeybee.c:54]   --->   Operation 218 'partselect' 'tmp' <Predicate = true> <Delay = 0.00>
ST_28 : Operation 219 [1/1] (0.00ns)   --->   "%trunc_ln39 = trunc i32 %bitcast_ln39 to i23" [src/honeybee.c:39->src/honeybee.c:54]   --->   Operation 219 'trunc' 'trunc_ln39' <Predicate = true> <Delay = 0.00>
ST_28 : Operation 220 [1/1] (0.00ns)   --->   "%bitcast_ln39_1 = bitcast float %min_3 to i32" [src/honeybee.c:39->src/honeybee.c:54]   --->   Operation 220 'bitcast' 'bitcast_ln39_1' <Predicate = true> <Delay = 0.00>
ST_28 : Operation 221 [1/1] (0.00ns)   --->   "%tmp_1 = call i8 @_ssdm_op_PartSelect.i8.i32.i32.i32(i32 %bitcast_ln39_1, i32 23, i32 30)" [src/honeybee.c:39->src/honeybee.c:54]   --->   Operation 221 'partselect' 'tmp_1' <Predicate = true> <Delay = 0.00>
ST_28 : Operation 222 [1/1] (0.00ns)   --->   "%trunc_ln39_1 = trunc i32 %bitcast_ln39_1 to i23" [src/honeybee.c:39->src/honeybee.c:54]   --->   Operation 222 'trunc' 'trunc_ln39_1' <Predicate = true> <Delay = 0.00>
ST_28 : Operation 223 [1/1] (1.55ns)   --->   "%icmp_ln39 = icmp ne i8 %tmp, -1" [src/honeybee.c:39->src/honeybee.c:54]   --->   Operation 223 'icmp' 'icmp_ln39' <Predicate = true> <Delay = 1.55> <Core = "Cmp">   --->   Core 25 'Cmp' <Latency = 0> <II = 1> <Delay = 2.44> <FuncUnit> <Opcode : 'icmp'> <InPorts = 2> <OutPorts = 1>
ST_28 : Operation 224 [1/1] (2.44ns)   --->   "%icmp_ln39_1 = icmp eq i23 %trunc_ln39, 0" [src/honeybee.c:39->src/honeybee.c:54]   --->   Operation 224 'icmp' 'icmp_ln39_1' <Predicate = true> <Delay = 2.44> <Core = "Cmp">   --->   Core 25 'Cmp' <Latency = 0> <II = 1> <Delay = 2.44> <FuncUnit> <Opcode : 'icmp'> <InPorts = 2> <OutPorts = 1>
ST_28 : Operation 225 [1/1] (0.97ns)   --->   "%or_ln39 = or i1 %icmp_ln39_1, %icmp_ln39" [src/honeybee.c:39->src/honeybee.c:54]   --->   Operation 225 'or' 'or_ln39' <Predicate = true> <Delay = 0.97> <Core = "LogicGate">   --->   Core 27 'LogicGate' <Latency = 0> <II = 1> <Delay = 0.97> <FuncUnit> <Opcode : 'and' 'or' 'xor'> <InPorts = 2> <OutPorts = 1>
ST_28 : Operation 226 [1/1] (1.55ns)   --->   "%icmp_ln39_2 = icmp ne i8 %tmp_1, -1" [src/honeybee.c:39->src/honeybee.c:54]   --->   Operation 226 'icmp' 'icmp_ln39_2' <Predicate = true> <Delay = 1.55> <Core = "Cmp">   --->   Core 25 'Cmp' <Latency = 0> <II = 1> <Delay = 2.44> <FuncUnit> <Opcode : 'icmp'> <InPorts = 2> <OutPorts = 1>
ST_28 : Operation 227 [1/1] (2.44ns)   --->   "%icmp_ln39_3 = icmp eq i23 %trunc_ln39_1, 0" [src/honeybee.c:39->src/honeybee.c:54]   --->   Operation 227 'icmp' 'icmp_ln39_3' <Predicate = true> <Delay = 2.44> <Core = "Cmp">   --->   Core 25 'Cmp' <Latency = 0> <II = 1> <Delay = 2.44> <FuncUnit> <Opcode : 'icmp'> <InPorts = 2> <OutPorts = 1>
ST_28 : Operation 228 [1/1] (0.97ns)   --->   "%or_ln39_1 = or i1 %icmp_ln39_3, %icmp_ln39_2" [src/honeybee.c:39->src/honeybee.c:54]   --->   Operation 228 'or' 'or_ln39_1' <Predicate = true> <Delay = 0.97> <Core = "LogicGate">   --->   Core 27 'LogicGate' <Latency = 0> <II = 1> <Delay = 0.97> <FuncUnit> <Opcode : 'and' 'or' 'xor'> <InPorts = 2> <OutPorts = 1>
ST_28 : Operation 229 [1/1] (0.00ns) (grouped into LUT with out node min_7)   --->   "%and_ln39 = and i1 %or_ln39, %or_ln39_1" [src/honeybee.c:39->src/honeybee.c:54]   --->   Operation 229 'and' 'and_ln39' <Predicate = true> <Delay = 0.00> <Core = "LogicGate">   --->   Core 27 'LogicGate' <Latency = 0> <II = 1> <Delay = 0.97> <FuncUnit> <Opcode : 'and' 'or' 'xor'> <InPorts = 2> <OutPorts = 1>
ST_28 : Operation 230 [1/2] (5.43ns)   --->   "%tmp_2 = fcmp olt float %min, %min_3" [src/honeybee.c:39->src/honeybee.c:54]   --->   Operation 230 'fcmp' 'tmp_2' <Predicate = true> <Delay = 5.43> <Core = "FCmp">   --->   Core 111 'FCmp' <Latency = 1> <II = 1> <Delay = 5.43> <FuncUnit> <Opcode : 'fcmp'> <InPorts = 2> <OutPorts = 1>
ST_28 : Operation 231 [1/1] (0.00ns) (grouped into LUT with out node min_7)   --->   "%and_ln39_1 = and i1 %and_ln39, %tmp_2" [src/honeybee.c:39->src/honeybee.c:54]   --->   Operation 231 'and' 'and_ln39_1' <Predicate = true> <Delay = 0.00> <Core = "LogicGate">   --->   Core 27 'LogicGate' <Latency = 0> <II = 1> <Delay = 0.97> <FuncUnit> <Opcode : 'and' 'or' 'xor'> <InPorts = 2> <OutPorts = 1>
ST_28 : Operation 232 [1/1] (0.00ns)   --->   "%bitcast_ln41 = bitcast float %min_1 to i32" [src/honeybee.c:41->src/honeybee.c:54]   --->   Operation 232 'bitcast' 'bitcast_ln41' <Predicate = true> <Delay = 0.00>
ST_28 : Operation 233 [1/1] (0.00ns)   --->   "%tmp_3 = call i8 @_ssdm_op_PartSelect.i8.i32.i32.i32(i32 %bitcast_ln41, i32 23, i32 30)" [src/honeybee.c:41->src/honeybee.c:54]   --->   Operation 233 'partselect' 'tmp_3' <Predicate = true> <Delay = 0.00>
ST_28 : Operation 234 [1/1] (0.00ns)   --->   "%trunc_ln41 = trunc i32 %bitcast_ln41 to i23" [src/honeybee.c:41->src/honeybee.c:54]   --->   Operation 234 'trunc' 'trunc_ln41' <Predicate = true> <Delay = 0.00>
ST_28 : Operation 235 [1/1] (1.55ns)   --->   "%icmp_ln41 = icmp ne i8 %tmp_3, -1" [src/honeybee.c:41->src/honeybee.c:54]   --->   Operation 235 'icmp' 'icmp_ln41' <Predicate = true> <Delay = 1.55> <Core = "Cmp">   --->   Core 25 'Cmp' <Latency = 0> <II = 1> <Delay = 2.44> <FuncUnit> <Opcode : 'icmp'> <InPorts = 2> <OutPorts = 1>
ST_28 : Operation 236 [1/1] (2.44ns)   --->   "%icmp_ln41_1 = icmp eq i23 %trunc_ln41, 0" [src/honeybee.c:41->src/honeybee.c:54]   --->   Operation 236 'icmp' 'icmp_ln41_1' <Predicate = true> <Delay = 2.44> <Core = "Cmp">   --->   Core 25 'Cmp' <Latency = 0> <II = 1> <Delay = 2.44> <FuncUnit> <Opcode : 'icmp'> <InPorts = 2> <OutPorts = 1>
ST_28 : Operation 237 [1/1] (0.97ns)   --->   "%or_ln41 = or i1 %icmp_ln41_1, %icmp_ln41" [src/honeybee.c:41->src/honeybee.c:54]   --->   Operation 237 'or' 'or_ln41' <Predicate = true> <Delay = 0.97> <Core = "LogicGate">   --->   Core 27 'LogicGate' <Latency = 0> <II = 1> <Delay = 0.97> <FuncUnit> <Opcode : 'and' 'or' 'xor'> <InPorts = 2> <OutPorts = 1>
ST_28 : Operation 238 [1/1] (0.00ns) (grouped into LUT with out node min_2)   --->   "%and_ln41 = and i1 %or_ln41, %or_ln39" [src/honeybee.c:41->src/honeybee.c:54]   --->   Operation 238 'and' 'and_ln41' <Predicate = true> <Delay = 0.00> <Core = "LogicGate">   --->   Core 27 'LogicGate' <Latency = 0> <II = 1> <Delay = 0.97> <FuncUnit> <Opcode : 'and' 'or' 'xor'> <InPorts = 2> <OutPorts = 1>
ST_28 : Operation 239 [1/2] (5.43ns)   --->   "%tmp_5 = fcmp olt float %min_1, %min" [src/honeybee.c:41->src/honeybee.c:54]   --->   Operation 239 'fcmp' 'tmp_5' <Predicate = true> <Delay = 5.43> <Core = "FCmp">   --->   Core 111 'FCmp' <Latency = 1> <II = 1> <Delay = 5.43> <FuncUnit> <Opcode : 'fcmp'> <InPorts = 2> <OutPorts = 1>
ST_28 : Operation 240 [1/1] (0.00ns) (grouped into LUT with out node min_2)   --->   "%and_ln41_1 = and i1 %and_ln41, %tmp_5" [src/honeybee.c:41->src/honeybee.c:54]   --->   Operation 240 'and' 'and_ln41_1' <Predicate = true> <Delay = 0.00> <Core = "LogicGate">   --->   Core 27 'LogicGate' <Latency = 0> <II = 1> <Delay = 0.97> <FuncUnit> <Opcode : 'and' 'or' 'xor'> <InPorts = 2> <OutPorts = 1>
ST_28 : Operation 241 [1/1] (0.97ns) (out node of the LUT)   --->   "%min_2 = select i1 %and_ln41_1, float %min_1, float %min" [src/honeybee.c:41->src/honeybee.c:54]   --->   Operation 241 'select' 'min_2' <Predicate = true> <Delay = 0.97> <Core = "Sel">   --->   Core 26 'Sel' <Latency = 0> <II = 1> <Delay = 0.69> <FuncUnit> <Opcode : 'select'> <InPorts = 3> <OutPorts = 1>
ST_28 : Operation 242 [1/1] (0.00ns) (grouped into LUT with out node min_4)   --->   "%and_ln44 = and i1 %or_ln41, %or_ln39_1" [src/honeybee.c:44->src/honeybee.c:54]   --->   Operation 242 'and' 'and_ln44' <Predicate = true> <Delay = 0.00> <Core = "LogicGate">   --->   Core 27 'LogicGate' <Latency = 0> <II = 1> <Delay = 0.97> <FuncUnit> <Opcode : 'and' 'or' 'xor'> <InPorts = 2> <OutPorts = 1>
ST_28 : Operation 243 [1/2] (5.43ns)   --->   "%tmp_8 = fcmp olt float %min_1, %min_3" [src/honeybee.c:44->src/honeybee.c:54]   --->   Operation 243 'fcmp' 'tmp_8' <Predicate = true> <Delay = 5.43> <Core = "FCmp">   --->   Core 111 'FCmp' <Latency = 1> <II = 1> <Delay = 5.43> <FuncUnit> <Opcode : 'fcmp'> <InPorts = 2> <OutPorts = 1>
ST_28 : Operation 244 [1/1] (0.00ns) (grouped into LUT with out node min_4)   --->   "%and_ln44_1 = and i1 %and_ln44, %tmp_8" [src/honeybee.c:44->src/honeybee.c:54]   --->   Operation 244 'and' 'and_ln44_1' <Predicate = true> <Delay = 0.00> <Core = "LogicGate">   --->   Core 27 'LogicGate' <Latency = 0> <II = 1> <Delay = 0.97> <FuncUnit> <Opcode : 'and' 'or' 'xor'> <InPorts = 2> <OutPorts = 1>
ST_28 : Operation 245 [1/1] (0.97ns) (out node of the LUT)   --->   "%min_4 = select i1 %and_ln44_1, float %min_1, float %min_3" [src/honeybee.c:44->src/honeybee.c:54]   --->   Operation 245 'select' 'min_4' <Predicate = true> <Delay = 0.97> <Core = "Sel">   --->   Core 26 'Sel' <Latency = 0> <II = 1> <Delay = 0.69> <FuncUnit> <Opcode : 'select'> <InPorts = 3> <OutPorts = 1>
ST_28 : Operation 246 [1/1] (0.97ns) (out node of the LUT)   --->   "%min_7 = select i1 %and_ln39_1, float %min_2, float %min_4" [src/honeybee.c:39->src/honeybee.c:54]   --->   Operation 246 'select' 'min_7' <Predicate = true> <Delay = 0.97> <Core = "Sel">   --->   Core 26 'Sel' <Latency = 0> <II = 1> <Delay = 0.69> <FuncUnit> <Opcode : 'select'> <InPorts = 3> <OutPorts = 1>

State 29 <SV = 28> <Delay = 5.43>
ST_29 : Operation 247 [1/1] (0.00ns)   --->   "%bitcast_ln62 = bitcast float %max to i32" [src/honeybee.c:62]   --->   Operation 247 'bitcast' 'bitcast_ln62' <Predicate = true> <Delay = 0.00>
ST_29 : Operation 248 [1/1] (0.00ns)   --->   "%tmp_11 = call i8 @_ssdm_op_PartSelect.i8.i32.i32.i32(i32 %bitcast_ln62, i32 23, i32 30)" [src/honeybee.c:62]   --->   Operation 248 'partselect' 'tmp_11' <Predicate = true> <Delay = 0.00>
ST_29 : Operation 249 [1/1] (0.00ns)   --->   "%trunc_ln62 = trunc i32 %bitcast_ln62 to i23" [src/honeybee.c:62]   --->   Operation 249 'trunc' 'trunc_ln62' <Predicate = true> <Delay = 0.00>
ST_29 : Operation 250 [1/1] (0.00ns)   --->   "%bitcast_ln62_1 = bitcast float %min_7 to i32" [src/honeybee.c:62]   --->   Operation 250 'bitcast' 'bitcast_ln62_1' <Predicate = true> <Delay = 0.00>
ST_29 : Operation 251 [1/1] (0.00ns)   --->   "%tmp_12 = call i8 @_ssdm_op_PartSelect.i8.i32.i32.i32(i32 %bitcast_ln62_1, i32 23, i32 30)" [src/honeybee.c:62]   --->   Operation 251 'partselect' 'tmp_12' <Predicate = true> <Delay = 0.00>
ST_29 : Operation 252 [1/1] (0.00ns)   --->   "%trunc_ln62_1 = trunc i32 %bitcast_ln62_1 to i23" [src/honeybee.c:62]   --->   Operation 252 'trunc' 'trunc_ln62_1' <Predicate = true> <Delay = 0.00>
ST_29 : Operation 253 [1/1] (1.55ns)   --->   "%icmp_ln62 = icmp ne i8 %tmp_11, -1" [src/honeybee.c:62]   --->   Operation 253 'icmp' 'icmp_ln62' <Predicate = true> <Delay = 1.55> <Core = "Cmp">   --->   Core 25 'Cmp' <Latency = 0> <II = 1> <Delay = 2.44> <FuncUnit> <Opcode : 'icmp'> <InPorts = 2> <OutPorts = 1>
ST_29 : Operation 254 [1/1] (2.44ns)   --->   "%icmp_ln62_1 = icmp eq i23 %trunc_ln62, 0" [src/honeybee.c:62]   --->   Operation 254 'icmp' 'icmp_ln62_1' <Predicate = true> <Delay = 2.44> <Core = "Cmp">   --->   Core 25 'Cmp' <Latency = 0> <II = 1> <Delay = 2.44> <FuncUnit> <Opcode : 'icmp'> <InPorts = 2> <OutPorts = 1>
ST_29 : Operation 255 [1/1] (1.55ns)   --->   "%icmp_ln62_2 = icmp ne i8 %tmp_12, -1" [src/honeybee.c:62]   --->   Operation 255 'icmp' 'icmp_ln62_2' <Predicate = true> <Delay = 1.55> <Core = "Cmp">   --->   Core 25 'Cmp' <Latency = 0> <II = 1> <Delay = 2.44> <FuncUnit> <Opcode : 'icmp'> <InPorts = 2> <OutPorts = 1>
ST_29 : Operation 256 [1/1] (2.44ns)   --->   "%icmp_ln62_3 = icmp eq i23 %trunc_ln62_1, 0" [src/honeybee.c:62]   --->   Operation 256 'icmp' 'icmp_ln62_3' <Predicate = true> <Delay = 2.44> <Core = "Cmp">   --->   Core 25 'Cmp' <Latency = 0> <II = 1> <Delay = 2.44> <FuncUnit> <Opcode : 'icmp'> <InPorts = 2> <OutPorts = 1>
ST_29 : Operation 257 [2/2] (5.43ns)   --->   "%tmp_13 = fcmp olt float %max, %min_7" [src/honeybee.c:62]   --->   Operation 257 'fcmp' 'tmp_13' <Predicate = true> <Delay = 5.43> <Core = "FCmp">   --->   Core 111 'FCmp' <Latency = 1> <II = 1> <Delay = 5.43> <FuncUnit> <Opcode : 'fcmp'> <InPorts = 2> <OutPorts = 1>

State 30 <SV = 29> <Delay = 6.40>
ST_30 : Operation 258 [1/1] (0.00ns) (grouped into LUT with out node and_ln62_1)   --->   "%or_ln62 = or i1 %icmp_ln62_1, %icmp_ln62" [src/honeybee.c:62]   --->   Operation 258 'or' 'or_ln62' <Predicate = true> <Delay = 0.00> <Core = "LogicGate">   --->   Core 27 'LogicGate' <Latency = 0> <II = 1> <Delay = 0.97> <FuncUnit> <Opcode : 'and' 'or' 'xor'> <InPorts = 2> <OutPorts = 1>
ST_30 : Operation 259 [1/1] (0.00ns) (grouped into LUT with out node and_ln62_1)   --->   "%or_ln62_1 = or i1 %icmp_ln62_3, %icmp_ln62_2" [src/honeybee.c:62]   --->   Operation 259 'or' 'or_ln62_1' <Predicate = true> <Delay = 0.00> <Core = "LogicGate">   --->   Core 27 'LogicGate' <Latency = 0> <II = 1> <Delay = 0.97> <FuncUnit> <Opcode : 'and' 'or' 'xor'> <InPorts = 2> <OutPorts = 1>
ST_30 : Operation 260 [1/1] (0.00ns) (grouped into LUT with out node and_ln62_1)   --->   "%and_ln62 = and i1 %or_ln62, %or_ln62_1" [src/honeybee.c:62]   --->   Operation 260 'and' 'and_ln62' <Predicate = true> <Delay = 0.00> <Core = "LogicGate">   --->   Core 27 'LogicGate' <Latency = 0> <II = 1> <Delay = 0.97> <FuncUnit> <Opcode : 'and' 'or' 'xor'> <InPorts = 2> <OutPorts = 1>
ST_30 : Operation 261 [1/2] (5.43ns)   --->   "%tmp_13 = fcmp olt float %max, %min_7" [src/honeybee.c:62]   --->   Operation 261 'fcmp' 'tmp_13' <Predicate = true> <Delay = 5.43> <Core = "FCmp">   --->   Core 111 'FCmp' <Latency = 1> <II = 1> <Delay = 5.43> <FuncUnit> <Opcode : 'fcmp'> <InPorts = 2> <OutPorts = 1>
ST_30 : Operation 262 [1/1] (0.97ns) (out node of the LUT)   --->   "%and_ln62_1 = and i1 %and_ln62, %tmp_13" [src/honeybee.c:62]   --->   Operation 262 'and' 'and_ln62_1' <Predicate = true> <Delay = 0.97> <Core = "LogicGate">   --->   Core 27 'LogicGate' <Latency = 0> <II = 1> <Delay = 0.97> <FuncUnit> <Opcode : 'and' 'or' 'xor'> <InPorts = 2> <OutPorts = 1>
ST_30 : Operation 263 [1/1] (0.00ns)   --->   "ret i1 %and_ln62_1" [src/honeybee.c:62]   --->   Operation 263 'ret' <Predicate = true> <Delay = 0.00>


============================================================
+ Verbose Summary: Timing violations
============================================================
Target clock period: 10ns, clock uncertainty: 1.25ns.

 <State 1>: 7.26ns
The critical path consists of the following:
	wire read on port 'edge_p2_z' (src/honeybee.c:21->src/honeybee.c:52) [10]  (0 ns)
	'fsub' operation ('tmp_1_i7', src/honeybee.c:22->src/honeybee.c:54) [29]  (7.26 ns)

 <State 2>: 7.26ns
The critical path consists of the following:
	'fsub' operation ('tmp_i', src/honeybee.c:22->src/honeybee.c:52) [19]  (7.26 ns)

 <State 3>: 7.26ns
The critical path consists of the following:
	'fsub' operation ('tmp_i', src/honeybee.c:22->src/honeybee.c:52) [19]  (7.26 ns)

 <State 4>: 7.26ns
The critical path consists of the following:
	'fsub' operation ('tmp_i', src/honeybee.c:22->src/honeybee.c:52) [19]  (7.26 ns)

 <State 5>: 7.26ns
The critical path consists of the following:
	'fsub' operation ('tmp_i', src/honeybee.c:22->src/honeybee.c:52) [19]  (7.26 ns)

 <State 6>: 7.26ns
The critical path consists of the following:
	'fadd' operation ('tmp_i_4', src/honeybee.c:22->src/honeybee.c:52) [20]  (7.26 ns)

 <State 7>: 7.26ns
The critical path consists of the following:
	'fadd' operation ('tmp_i_4', src/honeybee.c:22->src/honeybee.c:52) [20]  (7.26 ns)

 <State 8>: 7.26ns
The critical path consists of the following:
	'fadd' operation ('tmp_i_4', src/honeybee.c:22->src/honeybee.c:52) [20]  (7.26 ns)

 <State 9>: 7.26ns
The critical path consists of the following:
	'fadd' operation ('tmp_i_4', src/honeybee.c:22->src/honeybee.c:52) [20]  (7.26 ns)

 <State 10>: 7.26ns
The critical path consists of the following:
	'fadd' operation ('tmp_i_4', src/honeybee.c:22->src/honeybee.c:52) [20]  (7.26 ns)

 <State 11>: 6.08ns
The critical path consists of the following:
	'fdiv' operation ('x', src/honeybee.c:22->src/honeybee.c:52) [22]  (6.08 ns)

 <State 12>: 6.08ns
The critical path consists of the following:
	'fdiv' operation ('x', src/honeybee.c:22->src/honeybee.c:52) [22]  (6.08 ns)

 <State 13>: 6.08ns
The critical path consists of the following:
	'fdiv' operation ('x', src/honeybee.c:22->src/honeybee.c:52) [22]  (6.08 ns)

 <State 14>: 6.08ns
The critical path consists of the following:
	'fdiv' operation ('x', src/honeybee.c:22->src/honeybee.c:52) [22]  (6.08 ns)

 <State 15>: 6.08ns
The critical path consists of the following:
	'fdiv' operation ('x', src/honeybee.c:22->src/honeybee.c:52) [22]  (6.08 ns)

 <State 16>: 6.08ns
The critical path consists of the following:
	'fdiv' operation ('x', src/honeybee.c:22->src/honeybee.c:52) [22]  (6.08 ns)

 <State 17>: 6.08ns
The critical path consists of the following:
	'fdiv' operation ('x', src/honeybee.c:22->src/honeybee.c:52) [22]  (6.08 ns)

 <State 18>: 6.08ns
The critical path consists of the following:
	'fdiv' operation ('x', src/honeybee.c:22->src/honeybee.c:52) [22]  (6.08 ns)

 <State 19>: 6.08ns
The critical path consists of the following:
	'fdiv' operation ('x', src/honeybee.c:22->src/honeybee.c:52) [22]  (6.08 ns)

 <State 20>: 6.08ns
The critical path consists of the following:
	'fdiv' operation ('x', src/honeybee.c:22->src/honeybee.c:52) [22]  (6.08 ns)

 <State 21>: 6.08ns
The critical path consists of the following:
	'fdiv' operation ('x', src/honeybee.c:22->src/honeybee.c:52) [22]  (6.08 ns)

 <State 22>: 6.08ns
The critical path consists of the following:
	'fdiv' operation ('x', src/honeybee.c:22->src/honeybee.c:52) [22]  (6.08 ns)

 <State 23>: 7.39ns
The critical path consists of the following:
	'fcmp' operation ('tmp_7', src/honeybee.c:29->src/honeybee.c:59) [86]  (5.43 ns)
	'and' operation ('and_ln29_1', src/honeybee.c:29->src/honeybee.c:59) [87]  (0 ns)
	'select' operation ('max', src/honeybee.c:29->src/honeybee.c:59) [88]  (0.978 ns)
	'select' operation ('max', src/honeybee.c:27->src/honeybee.c:59) [93]  (0.978 ns)

 <State 24>: 6.08ns
The critical path consists of the following:
	'fdiv' operation ('x', src/honeybee.c:22->src/honeybee.c:52) [22]  (6.08 ns)

 <State 25>: 6.08ns
The critical path consists of the following:
	'fdiv' operation ('x', src/honeybee.c:22->src/honeybee.c:52) [22]  (6.08 ns)

 <State 26>: 6.08ns
The critical path consists of the following:
	'fdiv' operation ('x', src/honeybee.c:22->src/honeybee.c:52) [22]  (6.08 ns)

 <State 27>: 5.43ns
The critical path consists of the following:
	'fcmp' operation ('tmp_2', src/honeybee.c:39->src/honeybee.c:54) [44]  (5.43 ns)

 <State 28>: 7.39ns
The critical path consists of the following:
	'fcmp' operation ('tmp_5', src/honeybee.c:41->src/honeybee.c:54) [53]  (5.43 ns)
	'and' operation ('and_ln41_1', src/honeybee.c:41->src/honeybee.c:54) [54]  (0 ns)
	'select' operation ('min', src/honeybee.c:41->src/honeybee.c:54) [55]  (0.978 ns)
	'select' operation ('min', src/honeybee.c:39->src/honeybee.c:54) [60]  (0.978 ns)

 <State 29>: 5.43ns
The critical path consists of the following:
	'fcmp' operation ('tmp_13', src/honeybee.c:62) [107]  (5.43 ns)

 <State 30>: 6.41ns
The critical path consists of the following:
	'fcmp' operation ('tmp_13', src/honeybee.c:62) [107]  (5.43 ns)
	'and' operation ('and_ln62_1', src/honeybee.c:62) [108]  (0.978 ns)


============================================================
+ Verbose Summary: Binding
============================================================
N/A
* FSMD analyzer results:
  - Output states:
 - Input state : 
  - Chain level:
	State 1
	State 2
	State 3
	State 4
	State 5
	State 6
	State 7
	State 8
	State 9
	State 10
	State 11
	State 12
	State 13
	State 14
	State 15
	State 16
	State 17
	State 18
	State 19
	State 20
	State 21
	State 22
	State 23
	State 24
	State 25
	State 26
	State 27
	State 28
	State 29
	State 30


============================================================
+ Verbose Summary: Datapath Resource usage 
============================================================
N/A
