

================================================================
== Vivado HLS Report for 'honeybee'
================================================================
* Date:           Thu Mar 19 15:53:17 2020

* Version:        2019.2 (Build 2704478 on Wed Nov 06 22:10:23 MST 2019)
* Project:        HoneyBee-B
* Solution:       solution1
* Product family: zynq
* Target device:  xc7z020-clg484-1


================================================================
== Performance Estimates
================================================================
+ Timing: 
    * Summary: 
    +--------+----------+----------+------------+
    |  Clock |  Target  | Estimated| Uncertainty|
    +--------+----------+----------+------------+
    |ap_clk  | 10.00 ns | 8.523 ns |   1.25 ns  |
    +--------+----------+----------+------------+

+ Latency: 
    * Summary: 
    +---------+---------+-----------+-----------+------+------+---------+
    |  Latency (cycles) |   Latency (absolute)  |   Interval  | Pipeline|
    |   min   |   max   |    min    |    max    |  min |  max |   Type  |
    +---------+---------+-----------+-----------+------+------+---------+
    |     3065|     3065| 30.650 us | 30.650 us |  3065|  3065|   none  |
    +---------+---------+-----------+-----------+------+------+---------+

    + Detail: 
        * Instance: 
        N/A

        * Loop: 
        +--------------------------+---------+---------+----------+-----------+-----------+------+----------+
        |                          |  Latency (cycles) | Iteration|  Initiation Interval  | Trip |          |
        |         Loop Name        |   min   |   max   |  Latency |  achieved |   target  | Count| Pipelined|
        +--------------------------+---------+---------+----------+-----------+-----------+------+----------+
        |- honeybee_upper_loop     |     3060|     3060|       765|          -|          -|     4|    no    |
        | + honeybee_mid_loop      |      732|      732|       183|          -|          -|     4|    no    |
        |  ++ honeybee_lower_loop  |      148|      148|        37|          -|          -|     4|    no    |
        +--------------------------+---------+---------+----------+-----------+-----------+------+----------+



================================================================
== Utilization Estimates
================================================================
* Summary: 
+-----------------+---------+-------+--------+-------+-----+
|       Name      | BRAM_18K| DSP48E|   FF   |  LUT  | URAM|
+-----------------+---------+-------+--------+-------+-----+
|DSP              |        -|      -|       -|      -|    -|
|Expression       |        -|      -|       0|    773|    -|
|FIFO             |        -|      -|       -|      -|    -|
|Instance         |        -|      6|    2609|   4190|    -|
|Memory           |        -|      -|       -|      -|    -|
|Multiplexer      |        -|      -|       -|    777|    -|
|Register         |        -|      -|     780|      -|    -|
+-----------------+---------+-------+--------+-------+-----+
|Total            |        0|      6|    3389|   5740|    0|
+-----------------+---------+-------+--------+-------+-----+
|Available        |      280|    220|  106400|  53200|    0|
+-----------------+---------+-------+--------+-------+-----+
|Utilization (%)  |        0|      2|       3|     10|    0|
+-----------------+---------+-------+--------+-------+-----+

+ Detail: 
    * Instance: 
    +-------------------------+----------------------+---------+-------+-----+-----+-----+
    |         Instance        |        Module        | BRAM_18K| DSP48E|  FF | LUT | URAM|
    +-------------------------+----------------------+---------+-------+-----+-----+-----+
    |honeybee_faddfsubbkb_U1  |honeybee_faddfsubbkb  |        0|      2|  205|  390|    0|
    |honeybee_fcmp_32nfYi_U7  |honeybee_fcmp_32nfYi  |        0|      0|   66|  239|    0|
    |honeybee_fcmp_32nfYi_U8  |honeybee_fcmp_32nfYi  |        0|      0|   66|  239|    0|
    |honeybee_fdiv_32ndEe_U4  |honeybee_fdiv_32ndEe  |        0|      0|  761|  994|    0|
    |honeybee_fdiv_32ndEe_U5  |honeybee_fdiv_32ndEe  |        0|      0|  761|  994|    0|
    |honeybee_fsub_32ncud_U2  |honeybee_fsub_32ncud  |        0|      2|  205|  390|    0|
    |honeybee_fsub_32ncud_U3  |honeybee_fsub_32ncud  |        0|      2|  205|  390|    0|
    |honeybee_sitofp_3eOg_U6  |honeybee_sitofp_3eOg  |        0|      0|  340|  554|    0|
    +-------------------------+----------------------+---------+-------+-----+-----+-----+
    |Total                    |                      |        0|      6| 2609| 4190|    0|
    +-------------------------+----------------------+---------+-------+-----+-----+-----+

    * DSP48E: 
    N/A

    * Memory: 
    N/A

    * FIFO: 
    N/A

    * Expression: 
    +-----------------------+----------+-------+---+-----+------------+------------+
    |     Variable Name     | Operation| DSP48E| FF| LUT | Bitwidth P0| Bitwidth P1|
    +-----------------------+----------+-------+---+-----+------------+------------+
    |add_ln82_1_fu_728_p2   |     +    |      0|  0|   15|           1|           7|
    |add_ln82_fu_352_p2     |     +    |      0|  0|   15|           3|           7|
    |b_fu_261_p2            |     +    |      0|  0|   15|           5|           7|
    |i_fu_473_p2            |     +    |      0|  0|   12|           3|           1|
    |j_fu_306_p2            |     +    |      0|  0|   12|           3|           1|
    |k_fu_255_p2            |     +    |      0|  0|   12|           3|           1|
    |and_ln27_1_fu_520_p2   |    and   |      0|  0|    2|           1|           1|
    |and_ln27_fu_515_p2     |    and   |      0|  0|    2|           1|           1|
    |and_ln29_1_fu_531_p2   |    and   |      0|  0|    2|           1|           1|
    |and_ln29_fu_526_p2     |    and   |      0|  0|    2|           1|           1|
    |and_ln32_1_fu_398_p2   |    and   |      0|  0|    2|           1|           1|
    |and_ln32_fu_393_p2     |    and   |      0|  0|    2|           1|           1|
    |and_ln39_1_fu_592_p2   |    and   |      0|  0|    2|           1|           1|
    |and_ln39_fu_587_p2     |    and   |      0|  0|    2|           1|           1|
    |and_ln41_1_fu_603_p2   |    and   |      0|  0|    2|           1|           1|
    |and_ln41_fu_598_p2     |    and   |      0|  0|    2|           1|           1|
    |and_ln44_1_fu_450_p2   |    and   |      0|  0|    2|           1|           1|
    |and_ln44_fu_445_p2     |    and   |      0|  0|    2|           1|           1|
    |and_ln62_1_fu_695_p2   |    and   |      0|  0|    2|           1|           1|
    |and_ln62_fu_689_p2     |    and   |      0|  0|    2|           1|           1|
    |icmp_ln27_1_fu_503_p2  |   icmp   |      0|  0|   18|          23|           1|
    |icmp_ln27_fu_497_p2    |   icmp   |      0|  0|   11|           8|           2|
    |icmp_ln32_1_fu_275_p2  |   icmp   |      0|  0|   18|          23|           1|
    |icmp_ln32_2_fu_375_p2  |   icmp   |      0|  0|   11|           8|           2|
    |icmp_ln32_3_fu_381_p2  |   icmp   |      0|  0|   18|          23|           1|
    |icmp_ln32_fu_321_p2    |   icmp   |      0|  0|   11|           8|           2|
    |icmp_ln39_1_fu_575_p2  |   icmp   |      0|  0|   18|          23|           1|
    |icmp_ln39_fu_569_p2    |   icmp   |      0|  0|   11|           8|           2|
    |icmp_ln44_1_fu_289_p2  |   icmp   |      0|  0|   18|          23|           1|
    |icmp_ln44_2_fu_427_p2  |   icmp   |      0|  0|   11|           8|           2|
    |icmp_ln44_3_fu_433_p2  |   icmp   |      0|  0|   18|          23|           1|
    |icmp_ln44_fu_341_p2    |   icmp   |      0|  0|   11|           8|           2|
    |icmp_ln62_1_fu_663_p2  |   icmp   |      0|  0|   18|          23|           1|
    |icmp_ln62_2_fu_669_p2  |   icmp   |      0|  0|   11|           8|           2|
    |icmp_ln62_3_fu_675_p2  |   icmp   |      0|  0|   18|          23|           1|
    |icmp_ln62_fu_657_p2    |   icmp   |      0|  0|   11|           8|           2|
    |icmp_ln73_fu_249_p2    |   icmp   |      0|  0|    9|           3|           4|
    |icmp_ln74_fu_300_p2    |   icmp   |      0|  0|    9|           3|           4|
    |icmp_ln75_fu_467_p2    |   icmp   |      0|  0|    9|           3|           4|
    |collisions_fu_722_p2   |    or    |      0|  0|   64|          64|          64|
    |or_ln27_fu_509_p2      |    or    |      0|  0|    2|           1|           1|
    |or_ln32_1_fu_387_p2    |    or    |      0|  0|    2|           1|           1|
    |or_ln32_fu_327_p2      |    or    |      0|  0|    2|           1|           1|
    |or_ln39_fu_581_p2      |    or    |      0|  0|    2|           1|           1|
    |or_ln44_1_fu_439_p2    |    or    |      0|  0|    2|           1|           1|
    |or_ln44_fu_347_p2      |    or    |      0|  0|    2|           1|           1|
    |or_ln62_1_fu_685_p2    |    or    |      0|  0|    2|           1|           1|
    |or_ln62_fu_681_p2      |    or    |      0|  0|    2|           1|           1|
    |max_3_fu_404_p3        |  select  |      0|  0|   32|           1|          32|
    |max_6_fu_537_p3        |  select  |      0|  0|   32|           1|          32|
    |max_fu_544_p3          |  select  |      0|  0|   32|           1|          32|
    |min_2_fu_456_p3        |  select  |      0|  0|   32|           1|          32|
    |min_4_fu_609_p3        |  select  |      0|  0|   32|           1|          32|
    |min_7_fu_616_p3        |  select  |      0|  0|   32|           1|          32|
    |select_ln62_fu_710_p3  |  select  |      0|  0|   32|           1|          32|
    |shl_ln80_fu_704_p2     |    shl   |      0|  0|  101|           1|          32|
    +-----------------------+----------+-------+---+-----+------------+------------+
    |Total                  |          |      0|  0|  773|         369|         402|
    +-----------------------+----------+-------+---+-----+------------+------------+

    * Multiplexer: 
    +--------------------+-----+-----------+-----+-----------+
    |        Name        | LUT | Input Size| Bits| Total Bits|
    +--------------------+-----+-----------+-----+-----------+
    |ap_NS_fsm           |  477|        109|    1|        109|
    |b_0_reg_119         |    9|          2|    7|         14|
    |b_1_reg_142         |    9|          2|    7|         14|
    |b_2_reg_164         |    9|          2|    7|         14|
    |collisions_1_fu_68  |    9|          2|   64|        128|
    |grp_fu_175_opcode   |   15|          3|    2|          6|
    |grp_fu_175_p0       |   21|          4|   32|        128|
    |grp_fu_175_p1       |   27|          5|   32|        160|
    |grp_fu_194_p0       |   15|          3|   32|         96|
    |grp_fu_194_p1       |   21|          4|   32|        128|
    |grp_fu_198_p1       |   15|          3|   32|         96|
    |grp_fu_202_p0       |   21|          4|   32|        128|
    |grp_fu_205_opcode   |   15|          3|    5|         15|
    |grp_fu_205_p0       |   21|          4|   32|        128|
    |grp_fu_205_p1       |   21|          4|   32|        128|
    |grp_fu_209_opcode   |   15|          3|    5|         15|
    |grp_fu_209_p0       |   15|          3|   32|         96|
    |grp_fu_209_p1       |   15|          3|   32|         96|
    |i_0_reg_153         |    9|          2|    3|          6|
    |j_0_reg_131         |    9|          2|    3|          6|
    |k_0_reg_108         |    9|          2|    3|          6|
    +--------------------+-----+-----------+-----+-----------+
    |Total               |  777|        169|  427|       1517|
    +--------------------+-----+-----------+-----+-----------+

    * Register: 
    +----------------------+-----+----+-----+-----------+
    |         Name         |  FF | LUT| Bits| Const Bits|
    +----------------------+-----+----+-----+-----------+
    |add_ln82_reg_888      |    7|   0|    7|          0|
    |ap_CS_fsm             |  108|   0|  108|          0|
    |b_0_reg_119           |    7|   0|    7|          0|
    |b_1_reg_142           |    7|   0|    7|          0|
    |b_2_reg_164           |    7|   0|    7|          0|
    |b_reg_808             |    7|   0|    7|          0|
    |bitcast_ln32_reg_828  |   32|   0|   32|          0|
    |bitcast_ln44_reg_838  |   32|   0|   32|          0|
    |collisions_1_fu_68    |   64|   0|   64|          0|
    |i_0_reg_153           |    3|   0|    3|          0|
    |i_reg_921             |    3|   0|    3|          0|
    |icmp_ln32_1_reg_833   |    1|   0|    1|          0|
    |icmp_ln44_1_reg_843   |    1|   0|    1|          0|
    |icmp_ln62_1_reg_943   |    1|   0|    1|          0|
    |icmp_ln62_2_reg_948   |    1|   0|    1|          0|
    |icmp_ln62_3_reg_953   |    1|   0|    1|          0|
    |icmp_ln62_reg_938     |    1|   0|    1|          0|
    |j_0_reg_131           |    3|   0|    3|          0|
    |j_reg_856             |    3|   0|    3|          0|
    |k_0_reg_108           |    3|   0|    3|          0|
    |k_reg_803             |    3|   0|    3|          0|
    |max_1_reg_820         |   32|   0|   32|          0|
    |max_2_reg_881         |   32|   0|   32|          0|
    |max_3_reg_898         |   32|   0|   32|          0|
    |max_reg_926           |   32|   0|   32|          0|
    |min_1_reg_873         |   32|   0|   32|          0|
    |min_2_reg_908         |   32|   0|   32|          0|
    |min_7_reg_932         |   32|   0|   32|          0|
    |min_reg_813           |   32|   0|   32|          0|
    |or_ln32_1_reg_893     |    1|   0|    1|          0|
    |or_ln32_reg_861       |    1|   0|    1|          0|
    |or_ln44_1_reg_903     |    1|   0|    1|          0|
    |or_ln44_reg_867       |    1|   0|    1|          0|
    |reg_216               |   32|   0|   32|          0|
    |reg_221               |   32|   0|   32|          0|
    |reg_228               |   32|   0|   32|          0|
    |reg_233               |   32|   0|   32|          0|
    |tmp_15_reg_958        |    1|   0|    1|          0|
    |tmp_1_i3_i_reg_783    |   32|   0|   32|          0|
    |tmp_1_i7_i_reg_789    |   32|   0|   32|          0|
    |tmp_1_i_i_reg_778     |   32|   0|   32|          0|
    +----------------------+-----+----+-----+-----------+
    |Total                 |  780|   0|  780|          0|
    +----------------------+-----+----+-----+-----------+



================================================================
== Interface
================================================================
* Summary: 
+-----------+-----+-----+------------+--------------+--------------+
| RTL Ports | Dir | Bits|  Protocol  | Source Object|    C Type    |
+-----------+-----+-----+------------+--------------+--------------+
|ap_clk     |  in |    1| ap_ctrl_hs |   honeybee   | return value |
|ap_rst     |  in |    1| ap_ctrl_hs |   honeybee   | return value |
|ap_start   |  in |    1| ap_ctrl_hs |   honeybee   | return value |
|ap_done    | out |    1| ap_ctrl_hs |   honeybee   | return value |
|ap_idle    | out |    1| ap_ctrl_hs |   honeybee   | return value |
|ap_ready   | out |    1| ap_ctrl_hs |   honeybee   | return value |
|ap_return  | out |   64| ap_ctrl_hs |   honeybee   | return value |
|edge_p1_x  |  in |   32|   ap_none  |   edge_p1_x  |    scalar    |
|edge_p1_y  |  in |   32|   ap_none  |   edge_p1_y  |    scalar    |
|edge_p1_z  |  in |   32|   ap_none  |   edge_p1_z  |    scalar    |
|edge_p2_x  |  in |   32|   ap_none  |   edge_p2_x  |    scalar    |
|edge_p2_y  |  in |   32|   ap_none  |   edge_p2_y  |    scalar    |
|edge_p2_z  |  in |   32|   ap_none  |   edge_p2_z  |    scalar    |
+-----------+-----+-----+------------+--------------+--------------+

