

================================================================
== Vivado HLS Report for 'checkAxis_1'
================================================================
* Date:           Mon Mar 30 02:26:42 2020

* Version:        2019.2 (Build 2704478 on Wed Nov 06 22:10:23 MST 2019)
* Project:        honeybee_proj
* Solution:       HBG
* Product family: zynq
* Target device:  xc7z030i-fbg484-2L


================================================================
== Performance Estimates
================================================================
+ Timing: 
    * Summary: 
    +--------+----------+----------+------------+
    |  Clock |  Target  | Estimated| Uncertainty|
    +--------+----------+----------+------------+
    |ap_clk  | 10.00 ns | 9.478 ns |   1.25 ns  |
    +--------+----------+----------+------------+

+ Latency: 
    * Summary: 
    +---------+---------+----------+----------+-----+-----+---------+
    |  Latency (cycles) |  Latency (absolute) |  Interval | Pipeline|
    |   min   |   max   |    min   |    max   | min | max |   Type  |
    +---------+---------+----------+----------+-----+-----+---------+
    |      217|      217| 2.170 us | 2.170 us |  217|  217|   none  |
    +---------+---------+----------+----------+-----+-----+---------+

    + Detail: 
        * Instance: 
        +---------------------------------+----------------------+---------+---------+-----------+-----------+-----+-----+---------+
        |                                 |                      |  Latency (cycles) |   Latency (absolute)  |  Interval | Pipeline|
        |             Instance            |        Module        |   min   |   max   |    min    |    max    | min | max |   Type  |
        +---------------------------------+----------------------+---------+---------+-----------+-----------+-----+-----+---------+
        |grp_lineIntersectsPlane_fu_192   |lineIntersectsPlane   |       44|       44|  0.440 us |  0.440 us |   44|   44|   none  |
        |grp_pointOnSegment_fu_207        |pointOnSegment        |        3|        3| 30.000 ns | 30.000 ns |    3|    3|   none  |
        |grp_p_hls_fptosi_float_i_fu_220  |p_hls_fptosi_float_i  |        0|        0|    0 ns   |    0 ns   |    0|    0|   none  |
        |grp_p_hls_fptosi_float_i_fu_225  |p_hls_fptosi_float_i  |        0|        0|    0 ns   |    0 ns   |    0|    0|   none  |
        +---------------------------------+----------------------+---------+---------+-----------+-----------+-----+-----+---------+

        * Loop: 
        +---------------------+---------+---------+----------+-----------+-----------+------+----------+
        |                     |  Latency (cycles) | Iteration|  Initiation Interval  | Trip |          |
        |      Loop Name      |   min   |   max   |  Latency |  achieved |   target  | Count| Pipelined|
        +---------------------+---------+---------+----------+-----------+-----------+------+----------+
        |- memset_collisions  |        3|        3|         1|          -|          -|     4|    no    |
        |- Loop 2             |        8|        8|         2|          -|          -|     4|    no    |
        +---------------------+---------+---------+----------+-----------+-----------+------+----------+



================================================================
== Utilization Estimates
================================================================
* Summary: 
+-----------------+---------+-------+--------+-------+-----+
|       Name      | BRAM_18K| DSP48E|   FF   |  LUT  | URAM|
+-----------------+---------+-------+--------+-------+-----+
|DSP              |        -|      -|       -|      -|    -|
|Expression       |        -|      -|       0|   2234|    -|
|FIFO             |        -|      -|       -|      -|    -|
|Instance         |        -|     17|    2956|   6458|    -|
|Memory           |        0|      -|     128|      4|    0|
|Multiplexer      |        -|      -|       -|     33|    -|
|Register         |        -|      -|     322|      -|    -|
+-----------------+---------+-------+--------+-------+-----+
|Total            |        0|     17|    3406|   8729|    0|
+-----------------+---------+-------+--------+-------+-----+
|Available        |      530|    400|  157200|  78600|    0|
+-----------------+---------+-------+--------+-------+-----+
|Utilization (%)  |        0|      4|       2|     11|    0|
+-----------------+---------+-------+--------+-------+-----+

+ Detail: 
    * Instance: 
    +---------------------------------+----------------------+---------+-------+------+------+-----+
    |             Instance            |        Module        | BRAM_18K| DSP48E|  FF  |  LUT | URAM|
    +---------------------------------+----------------------+---------+-------+------+------+-----+
    |grp_lineIntersectsPlane_fu_192   |lineIntersectsPlane   |        0|     17|  2348|  3666|    0|
    |grp_p_hls_fptosi_float_i_fu_220  |p_hls_fptosi_float_i  |        0|      0|     0|   431|    0|
    |grp_p_hls_fptosi_float_i_fu_225  |p_hls_fptosi_float_i  |        0|      0|     0|   431|    0|
    |grp_pointOnSegment_fu_207        |pointOnSegment        |        0|      0|   608|  1930|    0|
    +---------------------------------+----------------------+---------+-------+------+------+-----+
    |Total                            |                      |        0|     17|  2956|  6458|    0|
    +---------------------------------+----------------------+---------+-------+------+------+-----+

    * DSP48E: 
    N/A

    * Memory: 
    +--------------+----------------------+---------+-----+----+-----+------+-----+------+-------------+
    |    Memory    |        Module        | BRAM_18K|  FF | LUT| URAM| Words| Bits| Banks| W*Bits*Banks|
    +--------------+----------------------+---------+-----+----+-----+------+-----+------+-------------+
    |collisions_U  |checkAxis_2_collihbi  |        0|  128|   4|    0|     4|   64|     1|          256|
    +--------------+----------------------+---------+-----+----+-----+------+-----+------+-------------+
    |Total         |                      |        0|  128|   4|    0|     4|   64|     1|          256|
    +--------------+----------------------+---------+-----+----+-----+------+-----+------+-------------+

    * FIFO: 
    N/A

    * Expression: 
    +----------------------------+----------+-------+---+-----+------------+------------+
    |        Variable Name       | Operation| DSP48E| FF| LUT | Bitwidth P0| Bitwidth P1|
    +----------------------------+----------+-------+---+-----+------------+------------+
    |add_ln80_10_fu_312_p2       |     +    |      0|  0|   32|           2|          32|
    |add_ln80_11_fu_318_p2       |     +    |      0|  0|   32|          32|          32|
    |add_ln80_12_fu_359_p2       |     +    |      0|  0|   32|          32|          32|
    |add_ln80_13_fu_375_p2       |     +    |      0|  0|   32|          32|          32|
    |add_ln80_14_fu_416_p2       |     +    |      0|  0|   32|          32|          32|
    |add_ln80_15_fu_438_p2       |     +    |      0|  0|   32|          32|          32|
    |add_ln80_16_fu_479_p2       |     +    |      0|  0|   32|          32|          32|
    |add_ln80_17_fu_501_p2       |     +    |      0|  0|   32|          32|          32|
    |add_ln80_fu_296_p2          |     +    |      0|  0|   32|          32|          32|
    |add_ln84_fu_267_p2          |     +    |      0|  0|    3|           2|           1|
    |i_fu_530_p2                 |     +    |      0|  0|    4|           3|           1|
    |icmp_ln138_fu_524_p2        |   icmp   |      0|  0|    2|           3|           4|
    |icmp_ln84_fu_278_p2         |   icmp   |      0|  0|    1|           2|           2|
    |or_ln133_1_fu_391_p2        |    or    |      0|  0|   64|          64|          64|
    |or_ln133_2_fu_454_p2        |    or    |      0|  0|   64|          64|          64|
    |or_ln133_3_fu_517_p2        |    or    |      0|  0|   64|          64|          64|
    |or_ln133_fu_334_p2          |    or    |      0|  0|   64|          64|          64|
    |or_ln80_1_fu_410_p2         |    or    |      0|  0|   32|          32|           2|
    |or_ln80_2_fu_432_p2         |    or    |      0|  0|   32|          32|           1|
    |or_ln80_3_fu_473_p2         |    or    |      0|  0|   32|          32|           2|
    |or_ln80_4_fu_495_p2         |    or    |      0|  0|   32|          32|           2|
    |or_ln80_fu_353_p2           |    or    |      0|  0|   32|          32|           1|
    |returnCollisions_fu_541_p2  |    or    |      0|  0|   64|          64|          64|
    |shl_ln132_1_fu_369_p2       |    shl   |      0|  0|  182|           1|          64|
    |shl_ln132_2_fu_426_p2       |    shl   |      0|  0|  182|           1|          64|
    |shl_ln132_3_fu_489_p2       |    shl   |      0|  0|  182|           1|          64|
    |shl_ln132_fu_306_p2         |    shl   |      0|  0|  182|           1|          64|
    |shl_ln133_1_fu_385_p2       |    shl   |      0|  0|  182|           1|          64|
    |shl_ln133_2_fu_448_p2       |    shl   |      0|  0|  182|           1|          64|
    |shl_ln133_3_fu_511_p2       |    shl   |      0|  0|  182|           1|          64|
    |shl_ln133_fu_328_p2         |    shl   |      0|  0|  182|           1|          64|
    +----------------------------+----------+-------+---+-----+------------+------------+
    |Total                       |          |      0|  0| 2234|         756|        1136|
    +----------------------------+----------+-------+---+-----+------------+------------+

    * Multiplexer: 
    +--------------------------------------+----+-----------+-----+-----------+
    |                 Name                 | LUT| Input Size| Bits| Total Bits|
    +--------------------------------------+----+-----------+-----+-----------+
    |ap_NS_fsm                             |   9|         21|    1|         21|
    |ap_return                             |   3|          2|   64|        128|
    |collisions_address0                   |   4|          7|    2|         14|
    |collisions_d0                         |   4|          6|   64|        384|
    |grp_lineIntersectsPlane_fu_192_plane  |   4|          5|   32|        160|
    |i_1_reg_181                           |   3|          2|    3|          6|
    |phi_ln84_reg_158                      |   3|          2|    2|          4|
    |returnCollisions_0_reg_169            |   3|          2|   64|        128|
    +--------------------------------------+----+-----------+-----+-----------+
    |Total                                 |  33|         47|  232|        845|
    +--------------------------------------+----+-----------+-----+-----------+

    * Register: 
    +---------------------------------------------+----+----+-----+-----------+
    |                     Name                    | FF | LUT| Bits| Const Bits|
    +---------------------------------------------+----+----+-----+-----------+
    |ap_CS_fsm                                    |  20|   0|   20|          0|
    |ap_return_preg                               |  64|   0|   64|          0|
    |grp_lineIntersectsPlane_fu_192_ap_start_reg  |   1|   0|    1|          0|
    |grp_pointOnSegment_fu_207_ap_start_reg       |   1|   0|    1|          0|
    |i_1_reg_181                                  |   3|   0|    3|          0|
    |i_reg_610                                    |   3|   0|    3|          0|
    |phi_ln84_reg_158                             |   2|   0|    2|          0|
    |reg_242                                      |  32|   0|   32|          0|
    |reg_248                                      |  32|   0|   32|          0|
    |reg_254                                      |  32|   0|   32|          0|
    |reg_259                                      |  32|   0|   32|          0|
    |reg_263                                      |  32|   0|   32|          0|
    |returnCollisions_0_reg_169                   |  64|   0|   64|          0|
    |tmp_45_1_reg_595                             |   1|   0|    1|          0|
    |tmp_45_2_reg_599                             |   1|   0|    1|          0|
    |tmp_45_3_reg_603                             |   1|   0|    1|          0|
    |tmp_s_reg_591                                |   1|   0|    1|          0|
    +---------------------------------------------+----+----+-----+-----------+
    |Total                                        | 322|   0|  322|          0|
    +---------------------------------------------+----+----+-----+-----------+



================================================================
== Interface
================================================================
* Summary: 
+-----------+-----+-----+------------+--------------+--------------+
| RTL Ports | Dir | Bits|  Protocol  | Source Object|    C Type    |
+-----------+-----+-----+------------+--------------+--------------+
|ap_clk     |  in |    1| ap_ctrl_hs |  checkAxis.1 | return value |
|ap_rst     |  in |    1| ap_ctrl_hs |  checkAxis.1 | return value |
|ap_start   |  in |    1| ap_ctrl_hs |  checkAxis.1 | return value |
|ap_done    | out |    1| ap_ctrl_hs |  checkAxis.1 | return value |
|ap_idle    | out |    1| ap_ctrl_hs |  checkAxis.1 | return value |
|ap_ready   | out |    1| ap_ctrl_hs |  checkAxis.1 | return value |
|ap_return  | out |   64| ap_ctrl_hs |  checkAxis.1 | return value |
|edge_p1_x  |  in |   32|   ap_none  |   edge_p1_x  |    scalar    |
|edge_p1_y  |  in |   32|   ap_none  |   edge_p1_y  |    scalar    |
|edge_p1_z  |  in |   32|   ap_none  |   edge_p1_z  |    scalar    |
|edge_p2_x  |  in |   32|   ap_none  |   edge_p2_x  |    scalar    |
|edge_p2_y  |  in |   32|   ap_none  |   edge_p2_y  |    scalar    |
|edge_p2_z  |  in |   32|   ap_none  |   edge_p2_z  |    scalar    |
+-----------+-----+-----+------------+--------------+--------------+

