

================================================================
== Vivado HLS Report for 'checkAxis_0'
================================================================
* Date:           Mon Mar 30 02:26:42 2020

* Version:        2019.2 (Build 2704478 on Wed Nov 06 22:10:23 MST 2019)
* Project:        honeybee_proj
* Solution:       HBG
* Product family: zynq
* Target device:  xc7z030i-fbg484-2L


================================================================
== Performance Estimates
================================================================
+ Timing: 
    * Summary: 
    +--------+----------+----------+------------+
    |  Clock |  Target  | Estimated| Uncertainty|
    +--------+----------+----------+------------+
    |ap_clk  | 10.00 ns | 9.478 ns |   1.25 ns  |
    +--------+----------+----------+------------+

+ Latency: 
    * Summary: 
    +---------+---------+----------+----------+-----+-----+---------+
    |  Latency (cycles) |  Latency (absolute) |  Interval | Pipeline|
    |   min   |   max   |    min   |    max   | min | max |   Type  |
    +---------+---------+----------+----------+-----+-----+---------+
    |      217|      217| 2.170 us | 2.170 us |  217|  217|   none  |
    +---------+---------+----------+----------+-----+-----+---------+

    + Detail: 
        * Instance: 
        +---------------------------------+----------------------+---------+---------+-----------+-----------+-----+-----+---------+
        |                                 |                      |  Latency (cycles) |   Latency (absolute)  |  Interval | Pipeline|
        |             Instance            |        Module        |   min   |   max   |    min    |    max    | min | max |   Type  |
        +---------------------------------+----------------------+---------+---------+-----------+-----------+-----+-----+---------+
        |grp_lineIntersectsPlane_fu_190   |lineIntersectsPlane   |       44|       44|  0.440 us |  0.440 us |   44|   44|   none  |
        |grp_pointOnSegment_fu_205        |pointOnSegment        |        3|        3| 30.000 ns | 30.000 ns |    3|    3|   none  |
        |grp_p_hls_fptosi_float_i_fu_218  |p_hls_fptosi_float_i  |        0|        0|    0 ns   |    0 ns   |    0|    0|   none  |
        |grp_p_hls_fptosi_float_i_fu_223  |p_hls_fptosi_float_i  |        0|        0|    0 ns   |    0 ns   |    0|    0|   none  |
        +---------------------------------+----------------------+---------+---------+-----------+-----------+-----+-----+---------+

        * Loop: 
        +---------------------+---------+---------+----------+-----------+-----------+------+----------+
        |                     |  Latency (cycles) | Iteration|  Initiation Interval  | Trip |          |
        |      Loop Name      |   min   |   max   |  Latency |  achieved |   target  | Count| Pipelined|
        +---------------------+---------+---------+----------+-----------+-----------+------+----------+
        |- memset_collisions  |        3|        3|         1|          -|          -|     4|    no    |
        |- Loop 2             |        8|        8|         2|          -|          -|     4|    no    |
        +---------------------+---------+---------+----------+-----------+-----------+------+----------+



================================================================
== Utilization Estimates
================================================================
* Summary: 
+-----------------+---------+-------+--------+-------+-----+
|       Name      | BRAM_18K| DSP48E|   FF   |  LUT  | URAM|
+-----------------+---------+-------+--------+-------+-----+
|DSP              |        -|      -|       -|      -|    -|
|Expression       |        -|      -|       0|   2234|    -|
|FIFO             |        -|      -|       -|      -|    -|
|Instance         |        -|     17|    2956|   6458|    -|
|Memory           |        0|      -|     128|      4|    0|
|Multiplexer      |        -|      -|       -|     33|    -|
|Register         |        -|      -|     322|      -|    -|
+-----------------+---------+-------+--------+-------+-----+
|Total            |        0|     17|    3406|   8729|    0|
+-----------------+---------+-------+--------+-------+-----+
|Available        |      530|    400|  157200|  78600|    0|
+-----------------+---------+-------+--------+-------+-----+
|Utilization (%)  |        0|      4|       2|     11|    0|
+-----------------+---------+-------+--------+-------+-----+

+ Detail: 
    * Instance: 
    +---------------------------------+----------------------+---------+-------+------+------+-----+
    |             Instance            |        Module        | BRAM_18K| DSP48E|  FF  |  LUT | URAM|
    +---------------------------------+----------------------+---------+-------+------+------+-----+
    |grp_lineIntersectsPlane_fu_190   |lineIntersectsPlane   |        0|     17|  2348|  3666|    0|
    |grp_p_hls_fptosi_float_i_fu_218  |p_hls_fptosi_float_i  |        0|      0|     0|   431|    0|
    |grp_p_hls_fptosi_float_i_fu_223  |p_hls_fptosi_float_i  |        0|      0|     0|   431|    0|
    |grp_pointOnSegment_fu_205        |pointOnSegment        |        0|      0|   608|  1930|    0|
    +---------------------------------+----------------------+---------+-------+------+------+-----+
    |Total                            |                      |        0|     17|  2956|  6458|    0|
    +---------------------------------+----------------------+---------+-------+------+------+-----+

    * DSP48E: 
    N/A

    * Memory: 
    +--------------+----------------------+---------+-----+----+-----+------+-----+------+-------------+
    |    Memory    |        Module        | BRAM_18K|  FF | LUT| URAM| Words| Bits| Banks| W*Bits*Banks|
    +--------------+----------------------+---------+-----+----+-----+------+-----+------+-------------+
    |collisions_U  |checkAxis_2_collihbi  |        0|  128|   4|    0|     4|   64|     1|          256|
    +--------------+----------------------+---------+-----+----+-----+------+-----+------+-------------+
    |Total         |                      |        0|  128|   4|    0|     4|   64|     1|          256|
    +--------------+----------------------+---------+-----+----+-----+------+-----+------+-------------+

    * FIFO: 
    N/A

    * Expression: 
    +----------------------------+----------+-------+---+-----+------------+------------+
    |        Variable Name       | Operation| DSP48E| FF| LUT | Bitwidth P0| Bitwidth P1|
    +----------------------------+----------+-------+---+-----+------------+------------+
    |add_ln80_18_fu_304_p2       |     +    |      0|  0|   32|           4|          32|
    |add_ln80_19_fu_310_p2       |     +    |      0|  0|   32|          32|          32|
    |add_ln80_20_fu_345_p2       |     +    |      0|  0|   32|          32|          32|
    |add_ln80_21_fu_361_p2       |     +    |      0|  0|   32|          32|          32|
    |add_ln80_22_fu_396_p2       |     +    |      0|  0|   32|          32|          32|
    |add_ln80_23_fu_418_p2       |     +    |      0|  0|   32|          32|          32|
    |add_ln80_24_fu_453_p2       |     +    |      0|  0|   32|          32|          32|
    |add_ln80_25_fu_475_p2       |     +    |      0|  0|   32|          32|          32|
    |add_ln80_fu_288_p2          |     +    |      0|  0|   32|          32|          32|
    |add_ln84_fu_265_p2          |     +    |      0|  0|    3|           2|           1|
    |i_fu_504_p2                 |     +    |      0|  0|    4|           3|           1|
    |icmp_ln138_fu_498_p2        |   icmp   |      0|  0|    2|           3|           4|
    |icmp_ln84_fu_276_p2         |   icmp   |      0|  0|    1|           2|           2|
    |or_ln122_1_fu_377_p2        |    or    |      0|  0|   64|          64|          64|
    |or_ln122_2_fu_434_p2        |    or    |      0|  0|   64|          64|          64|
    |or_ln122_3_fu_491_p2        |    or    |      0|  0|   64|          64|          64|
    |or_ln122_fu_326_p2          |    or    |      0|  0|   64|          64|          64|
    |or_ln80_5_fu_390_p2         |    or    |      0|  0|   32|          32|           4|
    |or_ln80_6_fu_412_p2         |    or    |      0|  0|   32|          32|           3|
    |or_ln80_7_fu_447_p2         |    or    |      0|  0|   32|          32|           4|
    |or_ln80_8_fu_469_p2         |    or    |      0|  0|   32|          32|           4|
    |or_ln80_fu_339_p2           |    or    |      0|  0|   32|          32|           3|
    |returnCollisions_fu_515_p2  |    or    |      0|  0|   64|          64|          64|
    |shl_ln121_1_fu_355_p2       |    shl   |      0|  0|  182|           1|          64|
    |shl_ln121_2_fu_406_p2       |    shl   |      0|  0|  182|           1|          64|
    |shl_ln121_3_fu_463_p2       |    shl   |      0|  0|  182|           1|          64|
    |shl_ln121_fu_298_p2         |    shl   |      0|  0|  182|           1|          64|
    |shl_ln122_1_fu_371_p2       |    shl   |      0|  0|  182|           1|          64|
    |shl_ln122_2_fu_428_p2       |    shl   |      0|  0|  182|           1|          64|
    |shl_ln122_3_fu_485_p2       |    shl   |      0|  0|  182|           1|          64|
    |shl_ln122_fu_320_p2         |    shl   |      0|  0|  182|           1|          64|
    +----------------------------+----------+-------+---+-----+------------+------------+
    |Total                       |          |      0|  0| 2234|         758|        1146|
    +----------------------------+----------+-------+---+-----+------------+------------+

    * Multiplexer: 
    +--------------------------------------+----+-----------+-----+-----------+
    |                 Name                 | LUT| Input Size| Bits| Total Bits|
    +--------------------------------------+----+-----------+-----+-----------+
    |ap_NS_fsm                             |   9|         21|    1|         21|
    |ap_return                             |   3|          2|   64|        128|
    |collisions_address0                   |   4|          7|    2|         14|
    |collisions_d0                         |   4|          6|   64|        384|
    |grp_lineIntersectsPlane_fu_190_plane  |   4|          5|   32|        160|
    |i_1_reg_179                           |   3|          2|    3|          6|
    |phi_ln84_reg_156                      |   3|          2|    2|          4|
    |returnCollisions_0_reg_167            |   3|          2|   64|        128|
    +--------------------------------------+----+-----------+-----+-----------+
    |Total                                 |  33|         47|  232|        845|
    +--------------------------------------+----+-----------+-----+-----------+

    * Register: 
    +---------------------------------------------+----+----+-----+-----------+
    |                     Name                    | FF | LUT| Bits| Const Bits|
    +---------------------------------------------+----+----+-----+-----------+
    |ap_CS_fsm                                    |  20|   0|   20|          0|
    |ap_return_preg                               |  64|   0|   64|          0|
    |grp_lineIntersectsPlane_fu_190_ap_start_reg  |   1|   0|    1|          0|
    |grp_pointOnSegment_fu_205_ap_start_reg       |   1|   0|    1|          0|
    |i_1_reg_179                                  |   3|   0|    3|          0|
    |i_reg_584                                    |   3|   0|    3|          0|
    |phi_ln84_reg_156                             |   2|   0|    2|          0|
    |reg_240                                      |  32|   0|   32|          0|
    |reg_246                                      |  32|   0|   32|          0|
    |reg_252                                      |  32|   0|   32|          0|
    |reg_257                                      |  32|   0|   32|          0|
    |reg_261                                      |  32|   0|   32|          0|
    |returnCollisions_0_reg_167                   |  64|   0|   64|          0|
    |tmp_43_1_reg_569                             |   1|   0|    1|          0|
    |tmp_43_2_reg_573                             |   1|   0|    1|          0|
    |tmp_43_3_reg_577                             |   1|   0|    1|          0|
    |tmp_s_reg_565                                |   1|   0|    1|          0|
    +---------------------------------------------+----+----+-----+-----------+
    |Total                                        | 322|   0|  322|          0|
    +---------------------------------------------+----+----+-----+-----------+



================================================================
== Interface
================================================================
* Summary: 
+-----------+-----+-----+------------+--------------+--------------+
| RTL Ports | Dir | Bits|  Protocol  | Source Object|    C Type    |
+-----------+-----+-----+------------+--------------+--------------+
|ap_clk     |  in |    1| ap_ctrl_hs |  checkAxis.0 | return value |
|ap_rst     |  in |    1| ap_ctrl_hs |  checkAxis.0 | return value |
|ap_start   |  in |    1| ap_ctrl_hs |  checkAxis.0 | return value |
|ap_done    | out |    1| ap_ctrl_hs |  checkAxis.0 | return value |
|ap_idle    | out |    1| ap_ctrl_hs |  checkAxis.0 | return value |
|ap_ready   | out |    1| ap_ctrl_hs |  checkAxis.0 | return value |
|ap_return  | out |   64| ap_ctrl_hs |  checkAxis.0 | return value |
|edge_p1_x  |  in |   32|   ap_none  |   edge_p1_x  |    scalar    |
|edge_p1_y  |  in |   32|   ap_none  |   edge_p1_y  |    scalar    |
|edge_p1_z  |  in |   32|   ap_none  |   edge_p1_z  |    scalar    |
|edge_p2_x  |  in |   32|   ap_none  |   edge_p2_x  |    scalar    |
|edge_p2_y  |  in |   32|   ap_none  |   edge_p2_y  |    scalar    |
|edge_p2_z  |  in |   32|   ap_none  |   edge_p2_z  |    scalar    |
+-----------+-----+-----+------------+--------------+--------------+

