

================================================================
== Vivado HLS Report for 'honeybee'
================================================================
* Date:           Mon Mar 30 02:48:16 2020

* Version:        2019.2 (Build 2704478 on Wed Nov 06 22:10:23 MST 2019)
* Project:        honeybee_proj
* Solution:       HBH
* Product family: zynq
* Target device:  xc7z030i-fbg484-2L


================================================================
== Performance Estimates
================================================================
+ Timing: 
    * Summary: 
    +--------+----------+----------+------------+
    |  Clock |  Target  | Estimated| Uncertainty|
    +--------+----------+----------+------------+
    |ap_clk  | 10.00 ns | 8.588 ns |   1.25 ns  |
    +--------+----------+----------+------------+

+ Latency: 
    * Summary: 
    +---------+---------+----------+----------+-----+-----+---------+
    |  Latency (cycles) |  Latency (absolute) |  Interval | Pipeline|
    |   min   |   max   |    min   |    max   | min | max |   Type  |
    +---------+---------+----------+----------+-----+-----+---------+
    |       53|       53| 0.530 us | 0.530 us |   53|   53|   none  |
    +---------+---------+----------+----------+-----+-----+---------+

    + Detail: 
        * Instance: 
        +-----------------------+-------------+---------+---------+----------+----------+-----+-----+----------+
        |                       |             |  Latency (cycles) |  Latency (absolute) |  Interval | Pipeline |
        |        Instance       |    Module   |   min   |   max   |    min   |    max   | min | max |   Type   |
        +-----------------------+-------------+---------+---------+----------+----------+-----+-----+----------+
        |grp_checkAxis_2_fu_64  |checkAxis_2  |       51|       51| 0.510 us | 0.510 us |    1|    1| function |
        |grp_checkAxis_1_fu_80  |checkAxis_1  |       51|       51| 0.510 us | 0.510 us |    1|    1| function |
        |grp_checkAxis_0_fu_96  |checkAxis_0  |       51|       51| 0.510 us | 0.510 us |    1|    1| function |
        +-----------------------+-------------+---------+---------+----------+----------+-----+-----+----------+

        * Loop: 
        N/A



================================================================
== Utilization Estimates
================================================================
* Summary: 
+-----------------+---------+-------+--------+--------+-----+
|       Name      | BRAM_18K| DSP48E|   FF   |   LUT  | URAM|
+-----------------+---------+-------+--------+--------+-----+
|DSP              |        -|      -|       -|       -|    -|
|Expression       |        -|      -|       0|     128|    -|
|FIFO             |        -|      -|       -|       -|    -|
|Instance         |        0|    684|  152196|  185524|    -|
|Memory           |        -|      -|       -|       -|    -|
|Multiplexer      |        -|      -|       -|      11|    -|
|Register         |        -|      -|     246|       -|    -|
+-----------------+---------+-------+--------+--------+-----+
|Total            |        0|    684|  152442|  185663|    0|
+-----------------+---------+-------+--------+--------+-----+
|Available        |      530|    400|  157200|   78600|    0|
+-----------------+---------+-------+--------+--------+-----+
|Utilization (%)  |        0|    171|      96|     236|    0|
+-----------------+---------+-------+--------+--------+-----+

+ Detail: 
    * Instance: 
    +-----------------------+-------------+---------+-------+-------+-------+-----+
    |        Instance       |    Module   | BRAM_18K| DSP48E|   FF  |  LUT  | URAM|
    +-----------------------+-------------+---------+-------+-------+-------+-----+
    |grp_checkAxis_0_fu_96  |checkAxis_0  |        0|    228|  50732|  61884|    0|
    |grp_checkAxis_1_fu_80  |checkAxis_1  |        0|    228|  50732|  61884|    0|
    |grp_checkAxis_2_fu_64  |checkAxis_2  |        0|    228|  50732|  61756|    0|
    +-----------------------+-------------+---------+-------+-------+-------+-----+
    |Total                  |             |        0|    684| 152196| 185524|    0|
    +-----------------------+-------------+---------+-------+-------+-------+-----+

    * DSP48E: 
    N/A

    * Memory: 
    N/A

    * FIFO: 
    N/A

    * Expression: 
    +--------------------+----------+-------+---+----+------------+------------+
    |    Variable Name   | Operation| DSP48E| FF| LUT| Bitwidth P0| Bitwidth P1|
    +--------------------+----------+-------+---+----+------------+------------+
    |ap_return           |    or    |      0|  0|  64|          64|          64|
    |or_ln170_fu_112_p2  |    or    |      0|  0|  64|          64|          64|
    +--------------------+----------+-------+---+----+------------+------------+
    |Total               |          |      0|  0| 128|         128|         128|
    +--------------------+----------+-------+---+----+------------+------------+

    * Multiplexer: 
    +-----------+----+-----------+-----+-----------+
    |    Name   | LUT| Input Size| Bits| Total Bits|
    +-----------+----+-----------+-----+-----------+
    |ap_NS_fsm  |  11|         55|    1|         55|
    +-----------+----+-----------+-----+-----------+
    |Total      |  11|         55|    1|         55|
    +-----------+----+-----------+-----+-----------+

    * Register: 
    +----------------------+----+----+-----+-----------+
    |         Name         | FF | LUT| Bits| Const Bits|
    +----------------------+----+----+-----+-----------+
    |ap_CS_fsm             |  54|   0|   54|          0|
    |collisions_x_reg_173  |  64|   0|   64|          0|
    |collisions_y_reg_168  |  64|   0|   64|          0|
    |collisions_z_reg_163  |  64|   0|   64|          0|
    +----------------------+----+----+-----+-----------+
    |Total                 | 246|   0|  246|          0|
    +----------------------+----+----+-----+-----------+



================================================================
== Interface
================================================================
* Summary: 
+-----------+-----+-----+------------+--------------+--------------+
| RTL Ports | Dir | Bits|  Protocol  | Source Object|    C Type    |
+-----------+-----+-----+------------+--------------+--------------+
|ap_clk     |  in |    1| ap_ctrl_hs |   honeybee   | return value |
|ap_rst     |  in |    1| ap_ctrl_hs |   honeybee   | return value |
|ap_start   |  in |    1| ap_ctrl_hs |   honeybee   | return value |
|ap_done    | out |    1| ap_ctrl_hs |   honeybee   | return value |
|ap_idle    | out |    1| ap_ctrl_hs |   honeybee   | return value |
|ap_ready   | out |    1| ap_ctrl_hs |   honeybee   | return value |
|ap_return  | out |   64| ap_ctrl_hs |   honeybee   | return value |
|edge_p1_x  |  in |   32|   ap_none  |   edge_p1_x  |    scalar    |
|edge_p1_y  |  in |   32|   ap_none  |   edge_p1_y  |    scalar    |
|edge_p1_z  |  in |   32|   ap_none  |   edge_p1_z  |    scalar    |
|edge_p2_x  |  in |   32|   ap_none  |   edge_p2_x  |    scalar    |
|edge_p2_y  |  in |   32|   ap_none  |   edge_p2_y  |    scalar    |
|edge_p2_z  |  in |   32|   ap_none  |   edge_p2_z  |    scalar    |
+-----------+-----+-----+------------+--------------+--------------+

